Component: ARM Compiler 5.06 update 6 (build 750) Tool: armlink [4d35ed]

==============================================================================

Section Cross References

    startup_stm32f103xb.o(STACK) refers (Special) to heapauxi.o(.text) for __use_two_region_memory
    startup_stm32f103xb.o(HEAP) refers (Special) to heapauxi.o(.text) for __use_two_region_memory
    startup_stm32f103xb.o(RESET) refers (Special) to heapauxi.o(.text) for __use_two_region_memory
    startup_stm32f103xb.o(RESET) refers to startup_stm32f103xb.o(STACK) for __initial_sp
    startup_stm32f103xb.o(RESET) refers to startup_stm32f103xb.o(.text) for Reset_Handler
    startup_stm32f103xb.o(RESET) refers to stm32f1xx_it.o(i.NMI_Handler) for NMI_Handler
    startup_stm32f103xb.o(RESET) refers to stm32f1xx_it.o(i.HardFault_Handler) for HardFault_Handler
    startup_stm32f103xb.o(RESET) refers to stm32f1xx_it.o(i.MemManage_Handler) for MemManage_Handler
    startup_stm32f103xb.o(RESET) refers to stm32f1xx_it.o(i.BusFault_Handler) for BusFault_Handler
    startup_stm32f103xb.o(RESET) refers to stm32f1xx_it.o(i.UsageFault_Handler) for UsageFault_Handler
    startup_stm32f103xb.o(RESET) refers to stm32f1xx_it.o(i.SVC_Handler) for SVC_Handler
    startup_stm32f103xb.o(RESET) refers to stm32f1xx_it.o(i.DebugMon_Handler) for DebugMon_Handler
    startup_stm32f103xb.o(RESET) refers to stm32f1xx_it.o(i.PendSV_Handler) for PendSV_Handler
    startup_stm32f103xb.o(RESET) refers to stm32f1xx_it.o(i.SysTick_Handler) for SysTick_Handler
    startup_stm32f103xb.o(RESET) refers to stm32f1xx_it.o(i.DMA1_Channel1_IRQHandler) for DMA1_Channel1_IRQHandler
    startup_stm32f103xb.o(RESET) refers to stm32f1xx_it.o(i.DMA1_Channel2_IRQHandler) for DMA1_Channel2_IRQHandler
    startup_stm32f103xb.o(RESET) refers to stm32f1xx_it.o(i.DMA1_Channel3_IRQHandler) for DMA1_Channel3_IRQHandler
    startup_stm32f103xb.o(RESET) refers to stm32f1xx_it.o(i.DMA1_Channel4_IRQHandler) for DMA1_Channel4_IRQHandler
    startup_stm32f103xb.o(RESET) refers to stm32f1xx_it.o(i.DMA1_Channel5_IRQHandler) for DMA1_Channel5_IRQHandler
    startup_stm32f103xb.o(RESET) refers to stm32f1xx_it.o(i.TIM4_IRQHandler) for TIM4_IRQHandler
    startup_stm32f103xb.o(RESET) refers to stm32f1xx_it.o(i.USART1_IRQHandler) for USART1_IRQHandler
    startup_stm32f103xb.o(RESET) refers to stm32f1xx_it.o(i.USART3_IRQHandler) for USART3_IRQHandler
    startup_stm32f103xb.o(RESET) refers to stm32f1xx_it.o(i.EXTI15_10_IRQHandler) for EXTI15_10_IRQHandler
    startup_stm32f103xb.o(.text) refers (Special) to heapauxi.o(.text) for __use_two_region_memory
    startup_stm32f103xb.o(.text) refers to system_stm32f1xx.o(i.SystemInit) for SystemInit
    startup_stm32f103xb.o(.text) refers to __main.o(!!!main) for __main
    startup_stm32f103xb.o(.text) refers to startup_stm32f103xb.o(HEAP) for Heap_Mem
    startup_stm32f103xb.o(.text) refers to startup_stm32f103xb.o(STACK) for Stack_Mem
    main.o(i.MX_ADC1_Init) refers to stm32f1xx_hal_adc.o(i.HAL_ADC_Init) for HAL_ADC_Init
    main.o(i.MX_ADC1_Init) refers to stm32f1xx_hal_adc.o(i.HAL_ADC_ConfigChannel) for HAL_ADC_ConfigChannel
    main.o(i.MX_ADC1_Init) refers to main.o(.bss) for .bss
    main.o(i.MX_DMA_Init) refers to stm32f1xx_hal_cortex.o(i.HAL_NVIC_SetPriority) for HAL_NVIC_SetPriority
    main.o(i.MX_DMA_Init) refers to stm32f1xx_hal_cortex.o(i.HAL_NVIC_EnableIRQ) for HAL_NVIC_EnableIRQ
    main.o(i.MX_TIM2_Init) refers to rt_memclr_w.o(.text) for __aeabi_memclr4
    main.o(i.MX_TIM2_Init) refers to stm32f1xx_hal_tim.o(i.HAL_TIM_Base_Init) for HAL_TIM_Base_Init
    main.o(i.MX_TIM2_Init) refers to stm32f1xx_hal_tim.o(i.HAL_TIM_ConfigClockSource) for HAL_TIM_ConfigClockSource
    main.o(i.MX_TIM2_Init) refers to stm32f1xx_hal_tim.o(i.HAL_TIM_PWM_Init) for HAL_TIM_PWM_Init
    main.o(i.MX_TIM2_Init) refers to stm32f1xx_hal_tim_ex.o(i.HAL_TIMEx_MasterConfigSynchronization) for HAL_TIMEx_MasterConfigSynchronization
    main.o(i.MX_TIM2_Init) refers to stm32f1xx_hal_tim.o(i.HAL_TIM_PWM_ConfigChannel) for HAL_TIM_PWM_ConfigChannel
    main.o(i.MX_TIM2_Init) refers to stm32f1xx_hal_msp.o(i.HAL_TIM_MspPostInit) for HAL_TIM_MspPostInit
    main.o(i.MX_TIM2_Init) refers to main.o(.bss) for .bss
    main.o(i.MX_TIM3_Init) refers to rt_memclr_w.o(.text) for __aeabi_memclr4
    main.o(i.MX_TIM3_Init) refers to stm32f1xx_hal_tim.o(i.HAL_TIM_PWM_Init) for HAL_TIM_PWM_Init
    main.o(i.MX_TIM3_Init) refers to stm32f1xx_hal_tim_ex.o(i.HAL_TIMEx_MasterConfigSynchronization) for HAL_TIMEx_MasterConfigSynchronization
    main.o(i.MX_TIM3_Init) refers to stm32f1xx_hal_tim.o(i.HAL_TIM_PWM_ConfigChannel) for HAL_TIM_PWM_ConfigChannel
    main.o(i.MX_TIM3_Init) refers to stm32f1xx_hal_msp.o(i.HAL_TIM_MspPostInit) for HAL_TIM_MspPostInit
    main.o(i.MX_TIM3_Init) refers to main.o(.bss) for .bss
    main.o(i.MX_TIM4_Init) refers to stm32f1xx_hal_tim.o(i.HAL_TIM_Base_Init) for HAL_TIM_Base_Init
[...]
    __aeabi_memcpy4                          0x0800064d   Thumb Code     0  rt_memcpy_w.o(.text)
    __aeabi_memcpy8                          0x0800064d   Thumb Code     0  rt_memcpy_w.o(.text)
    __rt_memcpy_w                            0x0800064d   Thumb Code   100  rt_memcpy_w.o(.text)
    _memcpy_lastbytes_aligned                0x08000695   Thumb Code     0  rt_memcpy_w.o(.text)
    __aeabi_memclr                           0x080006b1   Thumb Code     0  rt_memclr.o(.text)
    __rt_memclr                              0x080006b1   Thumb Code    68  rt_memclr.o(.text)
    _memset                                  0x080006b5   Thumb Code     0  rt_memclr.o(.text)
    __aeabi_memclr4                          0x080006f5   Thumb Code     0  rt_memclr_w.o(.text)
    __aeabi_memclr8                          0x080006f5   Thumb Code     0  rt_memclr_w.o(.text)
    __rt_memclr_w                            0x080006f5   Thumb Code    78  rt_memclr_w.o(.text)
    _memset_w                                0x080006f9   Thumb Code     0  rt_memclr_w.o(.text)
    strncpy                                  0x08000743   Thumb Code    86  strncpy.o(.text)
    __use_two_region_memory                  0x08000799   Thumb Code     2  heapauxi.o(.text)
    __rt_heap_escrow$2region                 0x0800079b   Thumb Code     2  heapauxi.o(.text)
    __rt_heap_expand$2region                 0x0800079d   Thumb Code     2  heapauxi.o(.text)
    __aeabi_uldivmod                         0x0800079f   Thumb Code     0  lludivv7m.o(.text)
    _ll_udiv                                 0x0800079f   Thumb Code   238  lludivv7m.o(.text)
    __read_errno                             0x0800088d   Thumb Code    10  _rserrno.o(.text)
    __set_errno                              0x08000897   Thumb Code    12  _rserrno.o(.text)
    _printf_truncate_signed                  0x080008a3   Thumb Code    18  _printf_truncate.o(.text)
    _printf_truncate_unsigned                0x080008b5   Thumb Code    18  _printf_truncate.o(.text)
    _printf_str                              0x080008c7   Thumb Code    82  _printf_str.o(.text)
    _printf_int_common                       0x08000919   Thumb Code   178  _printf_intcommon.o(.text)
    _printf_int_dec                          0x080009cd   Thumb Code   104  _printf_dec.o(.text)
    _printf_charcount                        0x08000a45   Thumb Code    40  _printf_charcount.o(.text)
    _printf_char_common                      0x08000a77   Thumb Code    32  _printf_char_common.o(.text)
    _sputc                                   0x08000a9d   Thumb Code    10  _sputc.o(.text)
    _snputc                                  0x08000aa7   Thumb Code    16  _snputc.o(.text)
    _printf_wctomb                           0x08000ab9   Thumb Code   182  _printf_wctomb.o(.text)
    _printf_longlong_dec                     0x08000b75   Thumb Code   108  _printf_longlong_dec.o(.text)
    _printf_longlong_oct                     0x08000bf1   Thumb Code    66  _printf_oct_int_ll.o(.text)
    _printf_int_oct                          0x08000c33   Thumb Code    24  _printf_oct_int_ll.o(.text)
    _printf_ll_oct                           0x08000c4b   Thumb Code    12  _printf_oct_int_ll.o(.text)
    __aeabi_errno_addr                       0x08000c61   Thumb Code     8  rt_errno_addr_intlibspace.o(.text)
    __errno$intlibspace                      0x08000c61   Thumb Code     0  rt_errno_addr_intlibspace.o(.text)
    __rt_errno_addr$intlibspace              0x08000c61   Thumb Code     0  rt_errno_addr_intlibspace.o(.text)
    _ll_udiv10                               0x08000c69   Thumb Code   138  lludiv10.o(.text)
    __lib_sel_fp_printf                      0x08000cf3   Thumb Code     2  _printf_fp_dec.o(.text)
    _printf_fp_dec_real                      0x08000ea5   Thumb Code   620  _printf_fp_dec.o(.text)
    _printf_fp_hex_real                      0x08001111   Thumb Code   756  _printf_fp_hex.o(.text)
    _printf_cs_common                        0x0800140d   Thumb Code    20  _printf_char.o(.text)
    _printf_char                             0x08001421   Thumb Code    16  _printf_char.o(.text)
    _printf_string                           0x08001431   Thumb Code     8  _printf_char.o(.text)
    _printf_lcs_common                       0x08001439   Thumb Code    20  _printf_wchar.o(.text)
    _printf_wchar                            0x0800144d   Thumb Code    16  _printf_wchar.o(.text)
    _printf_wstring                          0x0800145d   Thumb Code     8  _printf_wchar.o(.text)
    _wcrtomb                                 0x08001465   Thumb Code    64  _wcrtomb.o(.text)
    __user_libspace                          0x080014a5   Thumb Code     8  libspace.o(.text)
    __user_perproc_libspace                  0x080014a5   Thumb Code     0  libspace.o(.text)
    __user_perthread_libspace                0x080014a5   Thumb Code     0  libspace.o(.text)
    __user_setup_stackheap                   0x080014ad   Thumb Code    74  sys_stackheap_outer.o(.text)
    __rt_ctype_table                         0x080014f9   Thumb Code    16  rt_ctype_table.o(.text)
    __rt_locale                              0x08001509   Thumb Code     8  rt_locale_intlibspace.o(.text)
    _printf_fp_infnan                        0x08001511   Thumb Code   112  _printf_fp_infnan.o(.text)
    _btod_etento                             0x08001591   Thumb Code   224  bigflt0.o(.text)
    exit                                     0x08001675   Thumb Code    18  exit.o(.text)
    strcmp                                   0x08001689   Thumb Code   128  strcmpv7m.o(.text)
    _sys_exit                                0x08001709   Thumb Code     8  sys_exit.o(.text)
    __I$use$semihosting                      0x08001715   Thumb Code     0  use_no_semi.o(.text)
    __use_no_semihosting_swi                 0x08001715   Thumb Code     2  use_no_semi.o(.text)
    __semihosting_library_function           0x08001717   Thumb Code     0  indicate_semi.o(.text)
    _btod_d2e                                0x08001717   Thumb Code    62  btod.o(CL$$btod_d2e)
    _d2e_denorm_low                          0x08001755   Thumb Code    70  btod.o(CL$$btod_d2e_denorm_low)
    _d2e_norm_op1                            0x0800179b   Thumb Code    96  btod.o(CL$$btod_d2e_norm_op1)
    __btod_div_common                        0x080017fb   Thumb Code   696  btod.o(CL$$btod_div_common)
    _e2e                                     0x08001b33   Thumb Code   220  btod.o(CL$$btod_e2e)
    _btod_ediv                               0x08001c0f   Thumb Code    42  btod.o(CL$$btod_ediv)
    _btod_emul                               0x08001c39   Thumb Code    42  btod.o(CL$$btod_emul)
    __btod_mult_common                       0x08001c63   Thumb Code   580  btod.o(CL$$btod_mult_common)
    ADC_ConversionStop_Disable               0x08001ea9   Thumb Code    86  stm32f1xx_hal_adc.o(i.ADC_ConversionStop_Disable)
    ADC_DMAConvCplt                          0x08001eff   Thumb Code    78  stm32f1xx_hal_adc.o(i.ADC_DMAConvCplt)
    ADC_DMAError                             0x08001f4d   Thumb Code    26  stm32f1xx_hal_adc.o(i.ADC_DMAError)
    ADC_DMAHalfConvCplt                      0x08001f67   Thumb Code    10  stm32f1xx_hal_adc.o(i.ADC_DMAHalfConvCplt)
    ADC_Enable                               0x08001f71   Thumb Code   114  stm32f1xx_hal_adc.o(i.ADC_Enable)
    ADC_GetBatteryVoltage                    0x08001fed   Thumb Code    90  adc_sensor.o(i.ADC_GetBatteryVoltage)
    ADC_Sensor_Init                          0x08002061   Thumb Code    22  adc_sensor.o(i.ADC_Sensor_Init)
    AppTimer_Init                            0x08002081   Thumb Code    28  app_timer.o(i.AppTimer_Init)
    App_Task_Init                            0x080020a1   Thumb Code   256  app_task.o(i.App_Task_Init)
    App_Task_Tick                            0x080022c9   Thumb Code   576  app_task.o(i.App_Task_Tick)
    BusFault_Handler                         0x080025b5   Thumb Code     2  stm32f1xx_it.o(i.BusFault_Handler)
    Calculate_CRC8                           0x08002781   Thumb Code    50  rc_cmd.o(i.Calculate_CRC8)
    DMA1_Channel1_IRQHandler                 0x080027b5   Thumb Code     6  stm32f1xx_it.o(i.DMA1_Channel1_IRQHandler)
    DMA1_Channel2_IRQHandler                 0x080027c1   Thumb Code     6  stm32f1xx_it.o(i.DMA1_Channel2_IRQHandler)
    DMA1_Channel3_IRQHandler                 0x080027cd   Thumb Code     6  stm32f1xx_it.o(i.DMA1_Channel3_IRQHandler)
    DMA1_Channel4_IRQHandler                 0x080027d9   Thumb Code     6  stm32f1xx_it.o(i.DMA1_Channel4_IRQHandler)
    DMA1_Channel5_IRQHandler                 0x080027e5   Thumb Code     6  stm32f1xx_it.o(i.DMA1_Channel5_IRQHandler)
    DebugMon_Handler                         0x0800283d   Thumb Code     2  stm32f1xx_it.o(i.DebugMon_Handler)
    EXTI15_10_IRQHandler                     0x0800283f   Thumb Code    30  stm32f1xx_it.o(i.EXTI15_10_IRQHandler)
    Error_Handler                            0x0800285d   Thumb Code     4  main.o(i.Error_Handler)
    FLASH_PageErase                          0x08002885   Thumb Code    28  stm32f1xx_hal_flash_ex.o(i.FLASH_PageErase)
    FLASH_WaitForLastOperation               0x08002921   Thumb Code    80  stm32f1xx_hal_flash.o(i.FLASH_WaitForLastOperation)
    FOC_CalibrateHallOffset                  0x08002a81   Thumb Code   698  foc.o(i.FOC_CalibrateHallOffset)
    FOC_HallPositionAccumulate               0x08002ea9   Thumb Code    34  foc.o(i.FOC_HallPositionAccumulate)
    FOC_Init                                 0x08002ed9   Thumb Code   102  foc.o(i.FOC_Init)
    FOC_NotifyHallTransition                 0x08002f71   Thumb Code    30  foc.o(i.FOC_NotifyHallTransition)
    FOC_Run                                  0x08002f95   Thumb Code   390  foc.o(i.FOC_Run)
    FOC_SetMode                              0x08003159   Thumb Code    52  foc.o(i.FOC_SetMode)
    FOC_SetPositionRef                       0x08003195   Thumb Code     6  foc.o(i.FOC_SetPositionRef)
    FOC_SetSpeedRef                          0x080031a1   Thumb Code     6  foc.o(i.FOC_SetSpeedRef)
    FOC_SetTorqueRef                         0x080031ad   Thumb Code     6  foc.o(i.FOC_SetTorqueRef)
    Flash_ErasePage                          0x080031f9   Thumb Code    82  storage.o(i.Flash_ErasePage)
    Flash_WriteHalfWord                      0x08003255   Thumb Code    38  storage.o(i.Flash_WriteHalfWord)
    HAL_ADCEx_Calibration_Start              0x08003325   Thumb Code   210  stm32f1xx_hal_adc_ex.o(i.HAL_ADCEx_Calibration_Start)
    HAL_ADC_ConfigChannel                    0x080033fd   Thumb Code   240  stm32f1xx_hal_adc.o(i.HAL_ADC_ConfigChannel)
    HAL_ADC_ConvCpltCallback                 0x080034f9   Thumb Code     2  stm32f1xx_hal_adc.o(i.HAL_ADC_ConvCpltCallback)
    HAL_ADC_ConvHalfCpltCallback             0x080034fb   Thumb Code     2  stm32f1xx_hal_adc.o(i.HAL_ADC_ConvHalfCpltCallback)
    HAL_ADC_ErrorCallback                    0x080034fd   Thumb Code     2  stm32f1xx_hal_adc.o(i.HAL_ADC_ErrorCallback)
    HAL_ADC_Init                             0x08003501   Thumb Code   272  stm32f1xx_hal_adc.o(i.HAL_ADC_Init)
    HAL_ADC_MspInit                          0x0800361d   Thumb Code   122  stm32f1xx_hal_msp.o(i.HAL_ADC_MspInit)
    HAL_ADC_Start_DMA                        0x080036ad   Thumb Code   246  stm32f1xx_hal_adc.o(i.HAL_ADC_Start_DMA)
    HAL_DMA_Abort                            0x080037b9   Thumb Code    70  stm32f1xx_hal_dma.o(i.HAL_DMA_Abort)
    HAL_DMA_Abort_IT                         0x08003801   Thumb Code   148  stm32f1xx_hal_dma.o(i.HAL_DMA_Abort_IT)
    HAL_DMA_IRQHandler                       0x08003899   Thumb Code   316  stm32f1xx_hal_dma.o(i.HAL_DMA_IRQHandler)
    HAL_DMA_Init                             0x080039ed   Thumb Code    84  stm32f1xx_hal_dma.o(i.HAL_DMA_Init)
    HAL_DMA_Start_IT                         0x08003a49   Thumb Code   112  stm32f1xx_hal_dma.o(i.HAL_DMA_Start_IT)
    HAL_Delay                                0x08003ab9   Thumb Code    32  stm32f1xx_hal.o(i.HAL_Delay)
    HAL_FLASHEx_Erase                        0x08003add   Thumb Code   160  stm32f1xx_hal_flash_ex.o(i.HAL_FLASHEx_Erase)
    HAL_FLASH_Lock                           0x08003b85   Thumb Code    14  stm32f1xx_hal_flash.o(i.HAL_FLASH_Lock)
    HAL_FLASH_Program                        0x08003b99   Thumb Code   120  stm32f1xx_hal_flash.o(i.HAL_FLASH_Program)
    HAL_FLASH_Unlock                         0x08003c19   Thumb Code    28  stm32f1xx_hal_flash.o(i.HAL_FLASH_Unlock)
    HAL_GPIO_EXTI_Callback                   0x08003c41   Thumb Code    54  hall.o(i.HAL_GPIO_EXTI_Callback)
    HAL_GPIO_EXTI_IRQHandler                 0x08003c7d   Thumb Code    18  stm32f1xx_hal_gpio.o(i.HAL_GPIO_EXTI_IRQHandler)
    HAL_GPIO_Init                            0x08003c95   Thumb Code   446  stm32f1xx_hal_gpio.o(i.HAL_GPIO_Init)
    HAL_GPIO_ReadPin                         0x08003e75   Thumb Code    10  stm32f1xx_hal_gpio.o(i.HAL_GPIO_ReadPin)
    HAL_GPIO_TogglePin                       0x08003e7f   Thumb Code    16  stm32f1xx_hal_gpio.o(i.HAL_GPIO_TogglePin)
    HAL_GPIO_WritePin                        0x08003e8f   Thumb Code    10  stm32f1xx_hal_gpio.o(i.HAL_GPIO_WritePin)
    HAL_GetTick                              0x08003e99   Thumb Code     6  stm32f1xx_hal.o(i.HAL_GetTick)
    HAL_IncTick                              0x08003ea5   Thumb Code    12  stm32f1xx_hal.o(i.HAL_IncTick)
    HAL_Init                                 0x08003eb5   Thumb Code    32  stm32f1xx_hal.o(i.HAL_Init)
    HAL_InitTick                             0x08003ed9   Thumb Code    54  stm32f1xx_hal.o(i.HAL_InitTick)
    HAL_MspInit                              0x08003f19   Thumb Code    52  stm32f1xx_hal_msp.o(i.HAL_MspInit)
    HAL_NVIC_EnableIRQ                       0x08003f55   Thumb Code    26  stm32f1xx_hal_cortex.o(i.HAL_NVIC_EnableIRQ)
    HAL_NVIC_SetPriority                     0x08003f71   Thumb Code    60  stm32f1xx_hal_cortex.o(i.HAL_NVIC_SetPriority)
    HAL_NVIC_SetPriorityGrouping             0x08003fb1   Thumb Code    26  stm32f1xx_hal_cortex.o(i.HAL_NVIC_SetPriorityGrouping)
    HAL_RCCEx_GetPeriphCLKFreq               0x08003fd5   Thumb Code   148  stm32f1xx_hal_rcc_ex.o(i.HAL_RCCEx_GetPeriphCLKFreq)
    HAL_RCCEx_PeriphCLKConfig                0x08004079   Thumb Code   224  stm32f1xx_hal_rcc_ex.o(i.HAL_RCCEx_PeriphCLKConfig)
    HAL_RCC_ClockConfig                      0x08004165   Thumb Code   280  stm32f1xx_hal_rcc.o(i.HAL_RCC_ClockConfig)
    HAL_RCC_GetPCLK1Freq                     0x08004291   Thumb Code    20  stm32f1xx_hal_rcc.o(i.HAL_RCC_GetPCLK1Freq)
    HAL_RCC_GetPCLK2Freq                     0x080042b1   Thumb Code    20  stm32f1xx_hal_rcc.o(i.HAL_RCC_GetPCLK2Freq)
    HAL_RCC_GetSysClockFreq                  0x080042d1   Thumb Code    58  stm32f1xx_hal_rcc.o(i.HAL_RCC_GetSysClockFreq)
    HAL_RCC_OscConfig                        0x0800431d   Thumb Code   778  stm32f1xx_hal_rcc.o(i.HAL_RCC_OscConfig)
    HAL_SYSTICK_Config                       0x0800463d   Thumb Code    40  stm32f1xx_hal_cortex.o(i.HAL_SYSTICK_Config)
    HAL_TIMEx_BreakCallback                  0x08004665   Thumb Code     2  stm32f1xx_hal_tim_ex.o(i.HAL_TIMEx_BreakCallback)
    HAL_TIMEx_CommutCallback                 0x08004667   Thumb Code     2  stm32f1xx_hal_tim_ex.o(i.HAL_TIMEx_CommutCallback)
    HAL_TIMEx_MasterConfigSynchronization    0x08004669   Thumb Code    92  stm32f1xx_hal_tim_ex.o(i.HAL_TIMEx_MasterConfigSynchronization)
    HAL_TIM_Base_Init                        0x080046d1   Thumb Code    90  stm32f1xx_hal_tim.o(i.HAL_TIM_Base_Init)
    HAL_TIM_Base_MspInit                     0x0800472d   Thumb Code    52  stm32f1xx_hal_msp.o(i.HAL_TIM_Base_MspInit)
    HAL_TIM_Base_Start_IT                    0x08004769   Thumb Code    76  stm32f1xx_hal_tim.o(i.HAL_TIM_Base_Start_IT)
    HAL_TIM_ConfigClockSource                0x080047c1   Thumb Code   220  stm32f1xx_hal_tim.o(i.HAL_TIM_ConfigClockSource)
    HAL_TIM_IC_CaptureCallback               0x0800489d   Thumb Code     2  stm32f1xx_hal_tim.o(i.HAL_TIM_IC_CaptureCallback)
    HAL_TIM_IRQHandler                       0x0800489f   Thumb Code   304  stm32f1xx_hal_tim.o(i.HAL_TIM_IRQHandler)
    HAL_TIM_MspPostInit                      0x080049d1   Thumb Code   156  stm32f1xx_hal_msp.o(i.HAL_TIM_MspPostInit)
    HAL_TIM_OC_DelayElapsedCallback          0x08004a7d   Thumb Code     2  stm32f1xx_hal_tim.o(i.HAL_TIM_OC_DelayElapsedCallback)
    HAL_TIM_PWM_ConfigChannel                0x08004a7f   Thumb Code   204  stm32f1xx_hal_tim.o(i.HAL_TIM_PWM_ConfigChannel)
    HAL_TIM_PWM_Init                         0x08004b4b   Thumb Code    90  stm32f1xx_hal_tim.o(i.HAL_TIM_PWM_Init)
    HAL_TIM_PWM_MspInit                      0x08004ba5   Thumb Code    30  stm32f1xx_hal_msp.o(i.HAL_TIM_PWM_MspInit)
    HAL_TIM_PWM_PulseFinishedCallback        0x08004bcd   Thumb Code     2  stm32f1xx_hal_tim.o(i.HAL_TIM_PWM_PulseFinishedCallback)
    HAL_TIM_PWM_Start                        0x08004bd1   Thumb Code   144  stm32f1xx_hal_tim.o(i.HAL_TIM_PWM_Start)
    HAL_TIM_PeriodElapsedCallback            0x08004c6d   Thumb Code   180  app_timer.o(i.HAL_TIM_PeriodElapsedCallback)
    HAL_TIM_TriggerCallback                  0x08004d31   Thumb Code     2  stm32f1xx_hal_tim.o(i.HAL_TIM_TriggerCallback)
    HAL_UARTEx_RxEventCallback               0x08004d33   Thumb Code     2  stm32f1xx_hal_uart.o(i.HAL_UARTEx_RxEventCallback)
    HAL_UART_ErrorCallback                   0x08004d35   Thumb Code     2  stm32f1xx_hal_uart.o(i.HAL_UART_ErrorCallback)
    HAL_UART_IRQHandler                      0x08004d39   Thumb Code   616  stm32f1xx_hal_uart.o(i.HAL_UART_IRQHandler)
    HAL_UART_Init                            0x08004fa5   Thumb Code   100  stm32f1xx_hal_uart.o(i.HAL_UART_Init)
    HAL_UART_MspInit                         0x08005009   Thumb Code   370  stm32f1xx_hal_msp.o(i.HAL_UART_MspInit)
    HAL_UART_RxCpltCallback                  0x080051a5   Thumb Code     2  stm32f1xx_hal_uart.o(i.HAL_UART_RxCpltCallback)
    HAL_UART_Transmit_DMA                    0x080051a9   Thumb Code   106  stm32f1xx_hal_uart.o(i.HAL_UART_Transmit_DMA)
    HAL_UART_TxCpltCallback                  0x08005221   Thumb Code    24  serial_dbg.o(i.HAL_UART_TxCpltCallback)
    HAL_UART_TxHalfCpltCallback              0x08005241   Thumb Code     2  stm32f1xx_hal_uart.o(i.HAL_UART_TxHalfCpltCallback)
    HallSpeed_Timer                          0x08005245   Thumb Code    46  hall.o(i.HallSpeed_Timer)
    Hall_GetPosition                         0x08005381   Thumb Code    42  hall.o(i.Hall_GetPosition)
    Hall_GetSpeed                            0x080053b5   Thumb Code    32  hall.o(i.Hall_GetSpeed)
    Hall_Init                                0x080053e5   Thumb Code    72  hall.o(i.Hall_Init)
    Hall_Position                            0x08005439   Thumb Code    84  hall.o(i.Hall_Position)
    Hall_directionLoopCheck                  0x08005491   Thumb Code    70  hall.o(i.Hall_directionLoopCheck)
    HardFault_Handler                        0x080054e1   Thumb Code     2  stm32f1xx_it.o(i.HardFault_Handler)
    LED_Init                                 0x080054e5   Thumb Code   148  led.o(i.LED_Init)
    LED_Timer                                0x08005589   Thumb Code   148  led.o(i.LED_Timer)
    Log_add                                  0x0800562d   Thumb Code    88  rc_cmd.o(i.Log_add)
    Log_print                                0x08005695   Thumb Code   100  rc_cmd.o(i.Log_print)
    Log_reset                                0x08005729   Thumb Code    32  rc_cmd.o(i.Log_reset)
    MemManage_Handler                        0x08005a45   Thumb Code     2  stm32f1xx_it.o(i.MemManage_Handler)
    Motor_Control                            0x08005a49   Thumb Code    82  motor.o(i.Motor_Control)
    Motor_Control_Init                       0x08005aa1   Thumb Code    14  motor.o(i.Motor_Control_Init)
    Motor_Direction                          0x08005ab1   Thumb Code    66  motor.o(i.Motor_Direction)
    Motor_Init                               0x08005af9   Thumb Code   160  motor.o(i.Motor_Init)
    Motor_Set                                0x08005bad   Thumb Code   176  motor.o(i.Motor_Set)
    NMI_Handler                              0x08005c6d   Thumb Code     2  stm32f1xx_it.o(i.NMI_Handler)
    PID_Compute                              0x08005c71   Thumb Code   236  foc.o(i.PID_Compute)
    PID_Init                                 0x08005d61   Thumb Code    18  foc.o(i.PID_Init)
    PID_Reset                                0x08005d73   Thumb Code     8  foc.o(i.PID_Reset)
    PendSV_Handler                           0x08005d7b   Thumb Code     2  stm32f1xx_it.o(i.PendSV_Handler)
    RC_Pin_Init                              0x08005d7d   Thumb Code    86  rc_cmd.o(i.RC_Pin_Init)
    RC_send                                  0x08005ddd   Thumb Code    88  rc_cmd.o(i.RC_send)
    RC_setSysInit                            0x08005e39   Thumb Code    20  rc_cmd.o(i.RC_setSysInit)
    RC_status_pack                           0x08005e51   Thumb Code    40  rc_cmd.o(i.RC_status_pack)
    SVC_Handler                              0x08006015   Thumb Code     2  stm32f1xx_it.o(i.SVC_Handler)
    Serial_DBG_TxCplt_Handler                0x08006079   Thumb Code   104  serial_dbg.o(i.Serial_DBG_TxCplt_Handler)
    Serial_IDLE_Handler                      0x080060ed   Thumb Code   178  serial_dbg.o(i.Serial_IDLE_Handler)
    Serial_Init                              0x080061b1   Thumb Code     4  serial_dbg.o(i.Serial_Init)
    Serial_Printf                            0x080061b5   Thumb Code    30  serial_dbg.o(i.Serial_Printf)
    Serial_RF_IDLE_Handler                   0x08006235   Thumb Code    90  serial_rf.o(i.Serial_RF_IDLE_Handler)
    Serial_RF_Init                           0x080062a1   Thumb Code     4  serial_rf.o(i.Serial_RF_Init)
    Serial_RF_SendArray                      0x080062a5   Thumb Code   134  serial_rf.o(i.Serial_RF_SendArray)
    Serial_RF_TxCplt_Handler                 0x08006339   Thumb Code    88  serial_rf.o(i.Serial_RF_TxCplt_Handler)
    Serial_SendString                        0x080066c5   Thumb Code   126  serial_dbg.o(i.Serial_SendString)
    Serial_TxQueue_IsFull                    0x08006751   Thumb Code    30  serial_dbg.o(i.Serial_TxQueue_IsFull)
    Store_Init                               0x08006775   Thumb Code    74  storage.o(i.Store_Init)
    Store_Mileage                            0x080067c9   Thumb Code   112  storage.o(i.Store_Mileage)
    Store_Save                               0x08006841   Thumb Code    54  storage.o(i.Store_Save)
    Store_runTime                            0x08006881   Thumb Code   116  storage.o(i.Store_runTime)
    SysTick_Handler                          0x080068f9   Thumb Code     4  stm32f1xx_it.o(i.SysTick_Handler)
    SystemClock_Config                       0x080068fd   Thumb Code   120  main.o(i.SystemClock_Config)
    SystemInit                               0x08006975   Thumb Code     2  system_stm32f1xx.o(i.SystemInit)
    TIM4_IRQHandler                          0x08006979   Thumb Code     6  stm32f1xx_it.o(i.TIM4_IRQHandler)
    TIM_Base_SetConfig                       0x08006985   Thumb Code   108  stm32f1xx_hal_tim.o(i.TIM_Base_SetConfig)
    TIM_CCxChannelCmd                        0x080069fd   Thumb Code    26  stm32f1xx_hal_tim.o(i.TIM_CCxChannelCmd)
    TIM_ETR_SetConfig                        0x08006a17   Thumb Code    20  stm32f1xx_hal_tim.o(i.TIM_ETR_SetConfig)
    TIM_OC2_SetConfig                        0x08006a8d   Thumb Code    84  stm32f1xx_hal_tim.o(i.TIM_OC2_SetConfig)
    USART1_IRQHandler                        0x08006e51   Thumb Code    38  stm32f1xx_it.o(i.USART1_IRQHandler)
    USART3_IRQHandler                        0x08006e7d   Thumb Code    38  stm32f1xx_it.o(i.USART3_IRQHandler)
    UsageFault_Handler                       0x08006ea9   Thumb Code     2  stm32f1xx_it.o(i.UsageFault_Handler)
    __ARM_fpclassify                         0x08006eab   Thumb Code    40  fpclassify.o(i.__ARM_fpclassify)
    __ARM_fpclassifyf                        0x08006ed3   Thumb Code    38  fpclassifyf.o(i.__ARM_fpclassifyf)
    __mathlib_flt_infnan                     0x08006f19   Thumb Code     6  funder.o(i.__mathlib_flt_infnan)
    __mathlib_flt_infnan2                    0x08006f1f   Thumb Code     4  funder.o(i.__mathlib_flt_infnan2)
    __mathlib_flt_invalid                    0x08006f23   Thumb Code     8  funder.o(i.__mathlib_flt_invalid)
    __mathlib_flt_underflow                  0x08006f2b   Thumb Code    10  funder.o(i.__mathlib_flt_underflow)
    __mathlib_rredf2                         0x08006f35   Thumb Code   344  rredf.o(i.__mathlib_rredf2)
    _is_digit                                0x0800709d   Thumb Code    14  __printf_wp.o(i._is_digit)
    atan2f                                   0x080070ad   Thumb Code   528  atan2f.o(i.atan2f)
    calculate_min_slip_duty                  0x08007309   Thumb Code   110  motor.o(i.calculate_min_slip_duty)
    cosf                                     0x08007391   Thumb Code   328  cosf.o(i.cosf)
    main                                     0x0800750d   Thumb Code   150  main.o(i.main)
    sinf                                     0x08007685   Thumb Code   338  sinf.o(i.sinf)
    _get_lc_numeric                          0x0800780d   Thumb Code    44  lc_numeric_c.o(locale$$code)
    _get_lc_ctype                            0x08007839   Thumb Code    44  lc_ctype_c.o(locale$$code)
    __fpl_dretinf                            0x08007865   Thumb Code    12  dretinf.o(x$fpl$dretinf)
    __aeabi_f2d                              0x08007871   Thumb Code     0  f2d.o(x$fpl$f2d)
    _f2d                                     0x08007871   Thumb Code    86  f2d.o(x$fpl$f2d)
    __aeabi_fadd                             0x080078c9   Thumb Code     0  faddsub_clz.o(x$fpl$fadd)
    _fadd                                    0x080078c9   Thumb Code   196  faddsub_clz.o(x$fpl$fadd)
    __fpl_fcheck_NaN1                        0x0800798d   Thumb Code     6  fcheck1.o(x$fpl$fcheck1)
    __fpl_fcmp_Inf                           0x08007999   Thumb Code    24  fcmpi.o(x$fpl$fcmpinf)
    __aeabi_fdiv                             0x080079b1   Thumb Code     0  fdiv.o(x$fpl$fdiv)
    _fdiv                                    0x080079b1   Thumb Code   384  fdiv.o(x$fpl$fdiv)
    __aeabi_f2iz                             0x08007b35   Thumb Code     0  ffix.o(x$fpl$ffix)
    _ffix                                    0x08007b35   Thumb Code    54  ffix.o(x$fpl$ffix)
    __aeabi_f2uiz                            0x08007b6d   Thumb Code     0  ffixu.o(x$fpl$ffixu)
    _ffixu                                   0x08007b6d   Thumb Code    62  ffixu.o(x$fpl$ffixu)
    __aeabi_i2f                              0x08007bad   Thumb Code     0  fflt_clz.o(x$fpl$fflt)
    _fflt                                    0x08007bad   Thumb Code    48  fflt_clz.o(x$fpl$fflt)
    __aeabi_ui2f                             0x08007bdd   Thumb Code     0  fflt_clz.o(x$fpl$ffltu)
    _ffltu                                   0x08007bdd   Thumb Code    38  fflt_clz.o(x$fpl$ffltu)
    __aeabi_cfcmple                          0x08007c05   Thumb Code     0  fleqf.o(x$fpl$fleqf)
    _fcmple                                  0x08007c05   Thumb Code   104  fleqf.o(x$fpl$fleqf)
    __fpl_fcmple_InfNaN                      0x08007c57   Thumb Code     0  fleqf.o(x$fpl$fleqf)
    __aeabi_fmul                             0x08007c6d   Thumb Code     0  fmul.o(x$fpl$fmul)
    _fmul                                    0x08007c6d   Thumb Code   258  fmul.o(x$fpl$fmul)
    __fpl_fnaninf                            0x08007d6f   Thumb Code   140  fnaninf.o(x$fpl$fnaninf)
    __fpl_fretinf                            0x08007dfb   Thumb Code    10  fretinf.o(x$fpl$fretinf)
    __aeabi_cfrcmple                         0x08007e05   Thumb Code     0  frleqf.o(x$fpl$frleqf)
    _frcmple                                 0x08007e05   Thumb Code    98  frleqf.o(x$fpl$frleqf)
    _frnd                                    0x08007e69   Thumb Code    96  frnd.o(x$fpl$frnd)
    __aeabi_frsub                            0x08007ec9   Thumb Code     0  faddsub_clz.o(x$fpl$frsb)
    _frsb                                    0x08007ec9   Thumb Code    20  faddsub_clz.o(x$fpl$frsb)
    __aeabi_fsub                             0x08007edd   Thumb Code     0  faddsub_clz.o(x$fpl$fsub)
    _fsub                                    0x08007edd   Thumb Code   234  faddsub_clz.o(x$fpl$fsub)
    _printf_fp_dec                           0x08007fc7   Thumb Code     4  printf1.o(x$fpl$printf1)
    _printf_fp_hex                           0x08007fcb   Thumb Code     4  printf2.o(x$fpl$printf2)
    __fpl_return_NaN                         0x08007fcf   Thumb Code   100  retnan.o(x$fpl$retnan)
    __ARM_scalbnf                            0x08008033   Thumb Code    76  scalbnf.o(x$fpl$scalbnf)
    __fpl_cmpreturn                          0x0800807f   Thumb Code    48  trapv.o(x$fpl$trapveneer)
    __I$use$fp                               0x080080ae   Number         0  usenofp.o(x$fpl$usenofp)
    AHBPrescTable                            0x080080d2   Data          16  system_stm32f1xx.o(.constdata)
    APBPrescTable                            0x080080e2   Data           8  system_stm32f1xx.o(.constdata)
    Region$$Table$$Base                      0x080083f8   Number         0  anon$$obj.o(Region$$Table)
    Region$$Table$$Limit                     0x08008418   Number         0  anon$$obj.o(Region$$Table)
    __ctype                                  0x08008441   Data           0  lc_ctype_c.o(locale$$data)
    uwTickFreq                               0x20000000   Data           1  stm32f1xx_hal.o(.data)
    uwTickPrio                               0x20000004   Data           4  stm32f1xx_hal.o(.data)
    uwTick                                   0x20000008   Data           4  stm32f1xx_hal.o(.data)
    SystemCoreClock                          0x2000000c   Data           4  system_stm32f1xx.o(.data)
    isCoasting                               0x20000010   Data           1  motor.o(.data)
    Motor_Speed                              0x20000012   Data           2  motor.o(.data)
    Motor_filter_prev                        0x20000014   Data           4  motor.o(.data)
    hall_count                               0x2000001e   Data           2  hall.o(.data)
    Hall_Movement_Log                        0x20000024   Data           4  hall.o(.data)
    hall_speed                               0x2000002c   Data           4  hall.o(.data)
    hall_roll_speed                          0x20000030   Data           4  hall.o(.data)
    hall_direction                           0x20000034   Data           4  hall.o(.data)
    adc_values                               0x2000004c   Data           8  adc_sensor.o(.data)
    serial_dbg_rx_flag                       0x20000054   Data           1  serial_dbg.o(.data)
    serial_rf_rx_flag                        0x2000005a   Data           1  serial_rf.o(.data)
    serial_rf_rx_length                      0x2000005e   Data           2  serial_rf.o(.data)
    heartbeat_send_flag                      0x20000064   Data           1  app_timer.o(.data)
    APP_time                                 0x20000068   Data           4  app_timer.o(.data)
    NTP_time                                 0x2000006c   Data           4  app_timer.o(.data)
    LED_control                              0x20000088   Data           4  led.o(.data)
    NTP_status                               0x2000008c   Data           1  app_task.o(.data)
    watchdog_status                          0x2000008d   Data           1  app_task.o(.data)
    sys_status                               0x2000008e   Data           1  app_task.o(.data)
    SetSpeedRC                               0x20000092   Data           2  app_task.o(.data)
    LED_debug                                0x20000094   Data           2  app_task.o(.data)
    time_controllor                          0x20000098   Data           4  app_task.o(.data)
    NTP_req                                  0x200000ac   Data           1  app_task.o(.data)
    foc_hall_offset_deg                      0x200000b0   Data           4  foc.o(.data)
    hadc1                                    0x200000c8   Data          48  main.o(.bss)
    htim2                                    0x200000f8   Data          72  main.o(.bss)
    htim3                                    0x20000140   Data          72  main.o(.bss)
    htim4                                    0x20000188   Data          72  main.o(.bss)
    huart1                                   0x200001d0   Data          72  main.o(.bss)
    huart3                                   0x20000218   Data          72  main.o(.bss)
    hdma_adc1                                0x20000260   Data          68  main.o(.bss)
    hdma_usart1_rx                           0x200002a4   Data          68  main.o(.bss)
    hdma_usart1_tx                           0x200002e8   Data          68  main.o(.bss)
    hdma_usart3_rx                           0x2000032c   Data          68  main.o(.bss)
    hdma_usart3_tx                           0x20000370   Data          68  main.o(.bss)
    pFlash                                   0x200003b8   Data          32  stm32f1xx_hal_flash.o(.bss)
    hall_sensor                              0x200003d8   Data          16  hall.o(.bss)
    serial_dbg_rx_packet                     0x200003e8   Data         200  serial_dbg.o(.bss)
    serial_rf_rx_packet                      0x20000e10   Data         200  serial_rf.o(.bss)
    Store_Data                               0x200042b8   Data          50  storage.o(.bss)
    foc                                      0x20004308   Data         108  foc.o(.bss)
    __libspace_start                         0x20004374   Data          96  libspace.o(.bss)
    __temporary_stack_top$libspace           0x200043d4   Data           0  libspace.o(.bss)



==============================================================================

Memory Map of the image

  Image Entry point : 0x080000ed

  Load Region LR_IROM1 (Base: 0x08000000, Size: 0x0000860c, Max: 0x00010000, ABSOLUTE)

    Execution Region ER_IROM1 (Exec base: 0x08000000, Load base: 0x08000000, Size: 0x00008544, Max: 0x00010000, ABSOLUTE)

    Exec Addr    Load Addr    Size         Type   Attr      Idx    E Section Name        Object

    0x08000000   0x08000000   0x000000ec   Data   RO            3    RESET               startup_stm32f103xb.o
    0x080000ec   0x080000ec   0x00000008   Code   RO         4016  * !!!main             c_w.l(__main.o)
    0x080000f4   0x080000f4   0x00000034   Code   RO         4418    !!!scatter          c_w.l(__scatter.o)
    0x08000128   0x08000128   0x0000001a   Code   RO         4420    !!handler_copy      c_w.l(__scatter_copy.o)
    0x08000142   0x08000142   0x00000002   PAD
    0x08000144   0x08000144   0x0000001c   Code   RO         4422    !!handler_zi        c_w.l(__scatter_zi.o)
    0x08000160   0x08000160   0x00000000   Code   RO         3997    .ARM.Collect$$_printf_percent$$00000000  c_w.l(_printf_percent.o)
    0x08000160   0x08000160   0x00000006   Code   RO         4114    .ARM.Collect$$_printf_percent$$00000001  c_w.l(_printf_n.o)
    0x08000166   0x08000166   0x00000006   Code   RO         4115    .ARM.Collect$$_printf_percent$$00000002  c_w.l(_printf_p.o)
    0x0800016c   0x0800016c   0x00000006   Code   RO         4120    .ARM.Collect$$_printf_percent$$00000003  c_w.l(_printf_f.o)
    0x08000172   0x08000172   0x00000006   Code   RO         4121    .ARM.Collect$$_printf_percent$$00000004  c_w.l(_printf_e.o)
    0x08000178   0x08000178   0x00000006   Code   RO         4122    .ARM.Collect$$_printf_percent$$00000005  c_w.l(_printf_g.o)
    0x0800017e   0x0800017e   0x00000006   Code   RO         4123    .ARM.Collect$$_printf_percent$$00000006  c_w.l(_printf_a.o)
    0x08000184   0x08000184   0x0000000a   Code   RO         4128    .ARM.Collect$$_printf_percent$$00000007  c_w.l(_printf_ll.o)
    0x0800018e   0x0800018e   0x00000006   Code   RO         4117    .ARM.Collect$$_printf_percent$$00000008  c_w.l(_printf_i.o)
    0x08000194   0x08000194   0x00000006   Code   RO         4118    .ARM.Collect$$_printf_percent$$00000009  c_w.l(_printf_d.o)
    0x0800019a   0x0800019a   0x00000006   Code   RO         4119    .ARM.Collect$$_printf_percent$$0000000A  c_w.l(_printf_u.o)
    0x080001a0   0x080001a0   0x00000006   Code   RO         4116    .ARM.Collect$$_printf_percent$$0000000B  c_w.l(_printf_o.o)
    0x080001a6   0x080001a6   0x00000006   Code   RO         3996    .ARM.Collect$$_printf_percent$$0000000C  c_w.l(_printf_x.o)
    0x080001ac   0x080001ac   0x00000006   Code   RO         4125    .ARM.Collect$$_printf_percent$$0000000D  c_w.l(_printf_lli.o)
    0x080001b2   0x080001b2   0x00000006   Code   RO         4126    .ARM.Collect$$_printf_percent$$0000000E  c_w.l(_printf_lld.o)
    0x080001b8   0x080001b8   0x00000006   Code   RO         4127    .ARM.Collect$$_printf_percent$$0000000F  c_w.l(_printf_llu.o)
    0x080001be   0x080001be   0x00000006   Code   RO         4132    .ARM.Collect$$_printf_percent$$00000010  c_w.l(_printf_llo.o)
    0x080001c4   0x080001c4   0x00000006   Code   RO         4133    .ARM.Collect$$_printf_percent$$00000011  c_w.l(_printf_llx.o)
    0x080001ca   0x080001ca   0x0000000a   Code   RO         4129    .ARM.Collect$$_printf_percent$$00000012  c_w.l(_printf_l.o)
    0x080001d4   0x080001d4   0x00000006   Code   RO         4112    .ARM.Collect$$_printf_percent$$00000013  c_w.l(_printf_c.o)
    0x080001da   0x080001da   0x00000006   Code   RO         4113    .ARM.Collect$$_printf_percent$$00000014  c_w.l(_printf_s.o)
    0x080001e0   0x080001e0   0x00000006   Code   RO         4130    .ARM.Collect$$_printf_percent$$00000015  c_w.l(_printf_lc.o)
    0x080001e6   0x080001e6   0x00000006   Code   RO         4131    .ARM.Collect$$_printf_percent$$00000016  c_w.l(_printf_ls.o)
    0x080001ec   0x080001ec   0x00000004   Code   RO         4124    .ARM.Collect$$_printf_percent$$00000017  c_w.l(_printf_percent_end.o)
    0x080001f0   0x080001f0   0x00000002   Code   RO         4276    .ARM.Collect$$libinit$$00000000  c_w.l(libinit.o)
    0x080001f2   0x080001f2   0x00000000   Code   RO         4295    .ARM.Collect$$libinit$$00000002  c_w.l(libinit2.o)
    0x080001f2   0x080001f2   0x00000000   Code   RO         4297    .ARM.Collect$$libinit$$00000004  c_w.l(libinit2.o)
    0x080001f2   0x080001f2   0x00000000   Code   RO         4300    .ARM.Collect$$libinit$$0000000A  c_w.l(libinit2.o)
    0x080001f2   0x080001f2   0x00000000   Code   RO         4302    .ARM.Collect$$libinit$$0000000C  c_w.l(libinit2.o)
    0x080001f2   0x080001f2   0x00000000   Code   RO         4304    .ARM.Collect$$libinit$$0000000E  c_w.l(libinit2.o)
    0x080001f2   0x080001f2   0x00000006   Code   RO         4305    .ARM.Collect$$libinit$$0000000F  c_w.l(libinit2.o)
    0x080001f8   0x080001f8   0x00000000   Code   RO         4307    .ARM.Collect$$libinit$$00000011  c_w.l(libinit2.o)
    0x080001f8   0x080001f8   0x0000000c   Code   RO         4308    .ARM.Collect$$libinit$$00000012  c_w.l(libinit2.o)
    0x08000204   0x08000204   0x00000000   Code   RO         4309    .ARM.Collect$$libinit$$00000013  c_w.l(libinit2.o)
    0x08000204   0x08000204   0x00000000   Code   RO         4311    .ARM.Collect$$libinit$$00000015  c_w.l(libinit2.o)
    0x08000204   0x08000204   0x0000000a   Code   RO         4312    .ARM.Collect$$libinit$$00000016  c_w.l(libinit2.o)
    0x0800020e   0x0800020e   0x00000000   Code   RO         4313    .ARM.Collect$$libinit$$00000017  c_w.l(libinit2.o)
    0x0800020e   0x0800020e   0x00000000   Code   RO         4315    .ARM.Collect$$libinit$$00000019  c_w.l(libinit2.o)
    0x0800020e   0x0800020e   0x00000000   Code   RO         4317    .ARM.Collect$$libinit$$0000001B  c_w.l(libinit2.o)
    0x0800020e   0x0800020e   0x00000000   Code   RO         4319    .ARM.Collect$$libinit$$0000001D  c_w.l(libinit2.o)
    0x0800020e   0x0800020e   0x00000000   Code   RO         4321    .ARM.Collect$$libinit$$0000001F  c_w.l(libinit2.o)
    0x0800020e   0x0800020e   0x00000000   Code   RO         4323    .ARM.Collect$$libinit$$00000021  c_w.l(libinit2.o)
    0x0800020e   0x0800020e   0x00000000   Code   RO         4325    .ARM.Collect$$libinit$$00000023  c_w.l(libinit2.o)
    0x0800020e   0x0800020e   0x00000000   Code   RO         4327    .ARM.Collect$$libinit$$00000025  c_w.l(libinit2.o)
    0x0800020e   0x0800020e   0x00000000   Code   RO         4331    .ARM.Collect$$libinit$$0000002C  c_w.l(libinit2.o)
    0x0800020e   0x0800020e   0x00000000   Code   RO         4333    .ARM.Collect$$libinit$$0000002E  c_w.l(libinit2.o)
    0x0800020e   0x0800020e   0x00000000   Code   RO         4335    .ARM.Collect$$libinit$$00000030  c_w.l(libinit2.o)
    0x0800020e   0x0800020e   0x00000000   Code   RO         4337    .ARM.Collect$$libinit$$00000032  c_w.l(libinit2.o)
    0x0800020e   0x0800020e   0x00000002   Code   RO         4338    .ARM.Collect$$libinit$$00000033  c_w.l(libinit2.o)
    0x08000210   0x08000210   0x00000002   Code   RO         4368    .ARM.Collect$$libshutdown$$00000000  c_w.l(libshutdown.o)
    0x08000212   0x08000212   0x00000000   Code   RO         4385    .ARM.Collect$$libshutdown$$00000002  c_w.l(libshutdown2.o)
    0x08000212   0x08000212   0x00000000   Code   RO         4387    .ARM.Collect$$libshutdown$$00000004  c_w.l(libshutdown2.o)
    0x08000212   0x08000212   0x00000000   Code   RO         4390    .ARM.Collect$$libshutdown$$00000007  c_w.l(libshutdown2.o)
    0x08000212   0x08000212   0x00000000   Code   RO         4393    .ARM.Collect$$libshutdown$$0000000A  c_w.l(libshutdown2.o)
    0x08000212   0x08000212   0x00000000   Code   RO         4395    .ARM.Collect$$libshutdown$$0000000C  c_w.l(libshutdown2.o)
    0x08000212   0x08000212   0x00000000   Code   RO         4398    .ARM.Collect$$libshutdown$$0000000F  c_w.l(libshutdown2.o)
    0x08000212   0x08000212   0x00000002   Code   RO         4399    .ARM.Collect$$libshutdown$$00000010  c_w.l(libshutdown2.o)
    0x08000214   0x08000214   0x00000000   Code   RO         4080    .ARM.Collect$$rtentry$$00000000  c_w.l(__rtentry.o)
    0x08000214   0x08000214   0x00000000   Code   RO         4181    .ARM.Collect$$rtentry$$00000002  c_w.l(__rtentry2.o)
    0x08000214   0x08000214   0x00000006   Code   RO         4193    .ARM.Collect$$rtentry$$00000004  c_w.l(__rtentry4.o)
    0x0800021a   0x0800021a   0x00000000   Code   RO         4183    .ARM.Collect$$rtentry$$00000009  c_w.l(__rtentry2.o)
    0x0800021a   0x0800021a   0x00000004   Code   RO         4184    .ARM.Collect$$rtentry$$0000000A  c_w.l(__rtentry2.o)
    0x0800021e   0x0800021e   0x00000000   Code   RO         4186    .ARM.Collect$$rtentry$$0000000C  c_w.l(__rtentry2.o)
    0x0800021e   0x0800021e   0x00000008   Code   RO         4187    .ARM.Collect$$rtentry$$0000000D  c_w.l(__rtentry2.o)
    0x08000226   0x08000226   0x00000002   Code   RO         4283    .ARM.Collect$$rtexit$$00000000  c_w.l(rtexit.o)
    0x08000228   0x08000228   0x00000000   Code   RO         4340    .ARM.Collect$$rtexit$$00000002  c_w.l(rtexit2.o)
    0x08000228   0x08000228   0x00000004   Code   RO         4341    .ARM.Collect$$rtexit$$00000003  c_w.l(rtexit2.o)
    0x0800022c   0x0800022c   0x00000006   Code   RO         4342    .ARM.Collect$$rtexit$$00000004  c_w.l(rtexit2.o)
    0x08000232   0x08000232   0x00000002   PAD
    0x08000234   0x08000234   0x00000040   Code   RO            4    .text               startup_stm32f103xb.o
    0x08000274   0x08000274   0x00000026   Code   RO         3941    .text               c_w.l(llushr.o)
    0x0800029a   0x0800029a   0x00000048   Code   RO         3943    .text               c_w.l(llsdiv.o)
    0x080002e2   0x080002e2   0x00000002   PAD
    0x080002e4   0x080002e4   0x00000034   Code   RO         3945    .text               c_w.l(vsnprintf.o)
    0x08000318   0x08000318   0x0000004e   Code   RO         3953    .text               c_w.l(_printf_pad.o)
    0x08000366   0x08000366   0x00000002   PAD
    0x08000368   0x08000368   0x00000094   Code   RO         3973    .text               c_w.l(_printf_hex_int_ll_ptr.o)
    0x080003fc   0x080003fc   0x00000188   Code   RO         3993    .text               c_w.l(__printf_flags_ss_wp.o)
    0x08000584   0x08000584   0x0000003e   Code   RO         4002    .text               c_w.l(strlen.o)
    0x080005c2   0x080005c2   0x0000008a   Code   RO         4004    .text               c_w.l(rt_memcpy_v6.o)
    0x0800064c   0x0800064c   0x00000064   Code   RO         4006    .text               c_w.l(rt_memcpy_w.o)
    0x080006b0   0x080006b0   0x00000044   Code   RO         4008    .text               c_w.l(rt_memclr.o)
    0x080006f4   0x080006f4   0x0000004e   Code   RO         4010    .text               c_w.l(rt_memclr_w.o)
    0x08000742   0x08000742   0x00000056   Code   RO         4012    .text               c_w.l(strncpy.o)
    0x08000798   0x08000798   0x00000006   Code   RO         4014    .text               c_w.l(heapauxi.o)
    0x0800079e   0x0800079e   0x000000ee   Code   RO         4081    .text               c_w.l(lludivv7m.o)
    0x0800088c   0x0800088c   0x00000016   Code   RO         4083    .text               c_w.l(_rserrno.o)
    0x080008a2   0x080008a2   0x00000024   Code   RO         4085    .text               c_w.l(_printf_truncate.o)
    0x080008c6   0x080008c6   0x00000052   Code   RO         4087    .text               c_w.l(_printf_str.o)
    0x08000918   0x08000918   0x000000b2   Code   RO         4089    .text               c_w.l(_printf_intcommon.o)
    0x080009ca   0x080009ca   0x00000002   PAD
    0x080009cc   0x080009cc   0x00000078   Code   RO         4091    .text               c_w.l(_printf_dec.o)
    0x08000a44   0x08000a44   0x00000028   Code   RO         4093    .text               c_w.l(_printf_charcount.o)
    0x08000a6c   0x08000a6c   0x00000030   Code   RO         4095    .text               c_w.l(_printf_char_common.o)
    0x08000a9c   0x08000a9c   0x0000000a   Code   RO         4097    .text               c_w.l(_sputc.o)
    0x08000aa6   0x08000aa6   0x00000010   Code   RO         4099    .text               c_w.l(_snputc.o)
    0x08000ab6   0x08000ab6   0x00000002   PAD
    0x08000ab8   0x08000ab8   0x000000bc   Code   RO         4101    .text               c_w.l(_printf_wctomb.o)
    0x08000b74   0x08000b74   0x0000007c   Code   RO         4104    .text               c_w.l(_printf_longlong_dec.o)
    0x08000bf0   0x08000bf0   0x00000070   Code   RO         4110    .text               c_w.l(_printf_oct_int_ll.o)
    0x08000c60   0x08000c60   0x00000008   Code   RO         4202    .text               c_w.l(rt_errno_addr_intlibspace.o)
    0x08000c68   0x08000c68   0x0000008a   Code   RO         4204    .text               c_w.l(lludiv10.o)
    0x08000cf2   0x08000cf2   0x0000041e   Code   RO         4208    .text               c_w.l(_printf_fp_dec.o)
    0x08001110   0x08001110   0x000002fc   Code   RO         4210    .text               c_w.l(_printf_fp_hex.o)
    0x0800140c   0x0800140c   0x0000002c   Code   RO         4215    .text               c_w.l(_printf_char.o)
    0x08001438   0x08001438   0x0000002c   Code   RO         4217    .text               c_w.l(_printf_wchar.o)
    0x08001464   0x08001464   0x00000040   Code   RO         4221    .text               c_w.l(_wcrtomb.o)
    0x080014a4   0x080014a4   0x00000008   Code   RO         4225    .text               c_w.l(libspace.o)
    0x080014ac   0x080014ac   0x0000004a   Code   RO         4228    .text               c_w.l(sys_stackheap_outer.o)
    0x080014f6   0x080014f6   0x00000002   PAD
    0x080014f8   0x080014f8   0x00000010   Code   RO         4230    .text               c_w.l(rt_ctype_table.o)
    0x08001508   0x08001508   0x00000008   Code   RO         4237    .text               c_w.l(rt_locale_intlibspace.o)
    0x08001510   0x08001510   0x00000080   Code   RO         4239    .text               c_w.l(_printf_fp_infnan.o)
    0x08001590   0x08001590   0x000000e4   Code   RO         4241    .text               c_w.l(bigflt0.o)
    0x08001674   0x08001674   0x00000012   Code   RO         4269    .text               c_w.l(exit.o)
    0x08001686   0x08001686   0x00000002   PAD
    0x08001688   0x08001688   0x00000080   Code   RO         4292    .text               c_w.l(strcmpv7m.o)
    0x08001708   0x08001708   0x0000000c   Code   RO         4356    .text               c_w.l(sys_exit.o)
    0x08001714   0x08001714   0x00000002   Code   RO         4373    .text               c_w.l(use_no_semi.o)
    0x08001716   0x08001716   0x00000000   Code   RO         4375    .text               c_w.l(indicate_semi.o)
    0x08001716   0x08001716   0x0000003e   Code   RO         4244    CL$$btod_d2e        c_w.l(btod.o)
    0x08001754   0x08001754   0x00000046   Code   RO         4246    CL$$btod_d2e_denorm_low  c_w.l(btod.o)
    0x0800179a   0x0800179a   0x00000060   Code   RO         4245    CL$$btod_d2e_norm_op1  c_w.l(btod.o)
    0x080017fa   0x080017fa   0x00000338   Code   RO         4254    CL$$btod_div_common  c_w.l(btod.o)
    0x08001b32   0x08001b32   0x000000dc   Code   RO         4251    CL$$btod_e2e        c_w.l(btod.o)
    0x08001c0e   0x08001c0e   0x0000002a   Code   RO         4248    CL$$btod_ediv       c_w.l(btod.o)
    0x08001c38   0x08001c38   0x0000002a   Code   RO         4247    CL$$btod_emul       c_w.l(btod.o)
    0x08001c62   0x08001c62   0x00000244   Code   RO         4253    CL$$btod_mult_common  c_w.l(btod.o)
    0x08001ea6   0x08001ea6   0x00000002   PAD
    0x08001ea8   0x08001ea8   0x00000056   Code   RO          456    i.ADC_ConversionStop_Disable  stm32f1xx_hal_adc.o
    0x08001efe   0x08001efe   0x0000004e   Code   RO          457    i.ADC_DMAConvCplt   stm32f1xx_hal_adc.o
    0x08001f4c   0x08001f4c   0x0000001a   Code   RO          458    i.ADC_DMAError      stm32f1xx_hal_adc.o
    0x08001f66   0x08001f66   0x0000000a   Code   RO          459    i.ADC_DMAHalfConvCplt  stm32f1xx_hal_adc.o
    0x08001f70   0x08001f70   0x0000007c   Code   RO          460    i.ADC_Enable        stm32f1xx_hal_adc.o
    0x08001fec   0x08001fec   0x00000074   Code   RO         3238    i.ADC_GetBatteryVoltage  adc_sensor.o
    0x08002060   0x08002060   0x00000020   Code   RO         3240    i.ADC_Sensor_Init   adc_sensor.o
    0x08002080   0x08002080   0x00000020   Code   RO         3547    i.AppTimer_Init     app_timer.o
    0x080020a0   0x080020a0   0x00000228   Code   RO         3746    i.App_Task_Init     app_task.o
    0x080022c8   0x080022c8   0x00000288   Code   RO         3747    i.App_Task_Tick     app_task.o
    0x08002550   0x08002550   0x00000064   Code   RO         3083    i.BrakeControl      motor.o
    0x080025b4   0x080025b4   0x00000002   Code   RO          211    i.BusFault_Handler  stm32f1xx_it.o
    0x080025b6   0x080025b6   0x00000002   PAD
    0x080025b8   0x080025b8   0x0000006c   Code   RO         3748    i.CMD_foc_control   app_task.o
    0x08002624   0x08002624   0x0000015c   Code   RO         3749    i.CMD_timeSynchronous  app_task.o
    0x08002780   0x08002780   0x00000032   Code   RO         3456    i.Calculate_CRC8    rc_cmd.o
    0x080027b2   0x080027b2   0x00000002   PAD
    0x080027b4   0x080027b4   0x0000000c   Code   RO          212    i.DMA1_Channel1_IRQHandler  stm32f1xx_it.o
    0x080027c0   0x080027c0   0x0000000c   Code   RO          213    i.DMA1_Channel2_IRQHandler  stm32f1xx_it.o
    0x080027cc   0x080027cc   0x0000000c   Code   RO          214    i.DMA1_Channel3_IRQHandler  stm32f1xx_it.o
    0x080027d8   0x080027d8   0x0000000c   Code   RO          215    i.DMA1_Channel4_IRQHandler  stm32f1xx_it.o
    0x080027e4   0x080027e4   0x0000000c   Code   RO          216    i.DMA1_Channel5_IRQHandler  stm32f1xx_it.o
    0x080027f0   0x080027f0   0x0000002a   Code   RO         1112    i.DMA_SetConfig     stm32f1xx_hal_dma.o
    0x0800281a   0x0800281a   0x00000002   PAD
    0x0800281c   0x0800281c   0x00000020   Code   RO         3811    i.DWT_Micros        foc.o
    0x0800283c   0x0800283c   0x00000002   Code   RO          217    i.DebugMon_Handler  stm32f1xx_it.o
    0x0800283e   0x0800283e   0x0000001e   Code   RO          218    i.EXTI15_10_IRQHandler  stm32f1xx_it.o
    0x0800285c   0x0800285c   0x00000004   Code   RO           13    i.Error_Handler     main.o
    0x08002860   0x08002860   0x00000024   Code   RO         1552    i.FLASH_MassErase   stm32f1xx_hal_flash_ex.o
    0x08002884   0x08002884   0x00000024   Code   RO         1557    i.FLASH_PageErase   stm32f1xx_hal_flash_ex.o
    0x080028a8   0x080028a8   0x0000001c   Code   RO         1449    i.FLASH_Program_HalfWord  stm32f1xx_hal_flash.o
    0x080028c4   0x080028c4   0x0000005c   Code   RO         1450    i.FLASH_SetErrorCode  stm32f1xx_hal_flash.o
    0x08002920   0x08002920   0x00000054   Code   RO         1451    i.FLASH_WaitForLastOperation  stm32f1xx_hal_flash.o
    0x08002974   0x08002974   0x0000010c   Code   RO         3812    i.FOC_ApplySinusoidal  foc.o
    0x08002a80   0x08002a80   0x00000428   Code   RO         3813    i.FOC_CalibrateHallOffset  foc.o
    0x08002ea8   0x08002ea8   0x00000030   Code   RO         3815    i.FOC_HallPositionAccumulate  foc.o
    0x08002ed8   0x08002ed8   0x00000098   Code   RO         3816    i.FOC_Init          foc.o
    0x08002f70   0x08002f70   0x00000024   Code   RO         3817    i.FOC_NotifyHallTransition  foc.o
    0x08002f94   0x08002f94   0x000001c4   Code   RO         3818    i.FOC_Run           foc.o
    0x08003158   0x08003158   0x0000003c   Code   RO         3819    i.FOC_SetMode       foc.o
    0x08003194   0x08003194   0x0000000c   Code   RO         3820    i.FOC_SetPositionRef  foc.o
    0x080031a0   0x080031a0   0x0000000c   Code   RO         3821    i.FOC_SetSpeedRef   foc.o
    0x080031ac   0x080031ac   0x0000000c   Code   RO         3822    i.FOC_SetTorqueRef  foc.o
    0x080031b8   0x080031b8   0x00000040   Code   RO         3823    i.FOC_Stop          foc.o
    0x080031f8   0x080031f8   0x0000005c   Code   RO         3589    i.Flash_ErasePage   storage.o
    0x08003254   0x08003254   0x00000026   Code   RO         3593    i.Flash_WriteHalfWord  storage.o
    0x0800327a   0x0800327a   0x00000002   PAD
    0x0800327c   0x0800327c   0x000000a8   Code   RO         3162    i.Get_rollSpeed     hall.o
    0x08003324   0x08003324   0x000000d8   Code   RO          636    i.HAL_ADCEx_Calibration_Start  stm32f1xx_hal_adc_ex.o
    0x080033fc   0x080033fc   0x000000fc   Code   RO          462    i.HAL_ADC_ConfigChannel  stm32f1xx_hal_adc.o
    0x080034f8   0x080034f8   0x00000002   Code   RO          463    i.HAL_ADC_ConvCpltCallback  stm32f1xx_hal_adc.o
    0x080034fa   0x080034fa   0x00000002   Code   RO          464    i.HAL_ADC_ConvHalfCpltCallback  stm32f1xx_hal_adc.o
    0x080034fc   0x080034fc   0x00000002   Code   RO          466    i.HAL_ADC_ErrorCallback  stm32f1xx_hal_adc.o
    0x080034fe   0x080034fe   0x00000002   PAD
    0x08003500   0x08003500   0x0000011c   Code   RO          471    i.HAL_ADC_Init      stm32f1xx_hal_adc.o
    0x0800361c   0x0800361c   0x00000090   Code   RO          342    i.HAL_ADC_MspInit   stm32f1xx_hal_msp.o
    0x080036ac   0x080036ac   0x0000010c   Code   RO          478    i.HAL_ADC_Start_DMA  stm32f1xx_hal_adc.o
    0x080037b8   0x080037b8   0x00000046   Code   RO         1113    i.HAL_DMA_Abort     stm32f1xx_hal_dma.o
    0x080037fe   0x080037fe   0x00000002   PAD
    0x08003800   0x08003800   0x00000098   Code   RO         1114    i.HAL_DMA_Abort_IT  stm32f1xx_hal_dma.o
    0x08003898   0x08003898   0x00000154   Code   RO         1118    i.HAL_DMA_IRQHandler  stm32f1xx_hal_dma.o
    0x080039ec   0x080039ec   0x0000005c   Code   RO         1119    i.HAL_DMA_Init      stm32f1xx_hal_dma.o
    0x08003a48   0x08003a48   0x00000070   Code   RO         1123    i.HAL_DMA_Start_IT  stm32f1xx_hal_dma.o
    0x08003ab8   0x08003ab8   0x00000024   Code   RO          739    i.HAL_Delay         stm32f1xx_hal.o
    0x08003adc   0x08003adc   0x000000a8   Code   RO         1558    i.HAL_FLASHEx_Erase  stm32f1xx_hal_flash_ex.o
    0x08003b84   0x08003b84   0x00000014   Code   RO         1455    i.HAL_FLASH_Lock    stm32f1xx_hal_flash.o
    0x08003b98   0x08003b98   0x00000080   Code   RO         1460    i.HAL_FLASH_Program  stm32f1xx_hal_flash.o
    0x08003c18   0x08003c18   0x00000028   Code   RO         1462    i.HAL_FLASH_Unlock  stm32f1xx_hal_flash.o
    0x08003c40   0x08003c40   0x0000003c   Code   RO         3163    i.HAL_GPIO_EXTI_Callback  hall.o
    0x08003c7c   0x08003c7c   0x00000018   Code   RO         1048    i.HAL_GPIO_EXTI_IRQHandler  stm32f1xx_hal_gpio.o
    0x08003c94   0x08003c94   0x000001e0   Code   RO         1049    i.HAL_GPIO_Init     stm32f1xx_hal_gpio.o
    0x08003e74   0x08003e74   0x0000000a   Code   RO         1051    i.HAL_GPIO_ReadPin  stm32f1xx_hal_gpio.o
    0x08003e7e   0x08003e7e   0x00000010   Code   RO         1052    i.HAL_GPIO_TogglePin  stm32f1xx_hal_gpio.o
    0x08003e8e   0x08003e8e   0x0000000a   Code   RO         1053    i.HAL_GPIO_WritePin  stm32f1xx_hal_gpio.o
    0x08003e98   0x08003e98   0x0000000c   Code   RO          743    i.HAL_GetTick       stm32f1xx_hal.o
    0x08003ea4   0x08003ea4   0x00000010   Code   RO          749    i.HAL_IncTick       stm32f1xx_hal.o
    0x08003eb4   0x08003eb4   0x00000024   Code   RO          750    i.HAL_Init          stm32f1xx_hal.o
    0x08003ed8   0x08003ed8   0x00000040   Code   RO          751    i.HAL_InitTick      stm32f1xx_hal.o
    0x08003f18   0x08003f18   0x0000003c   Code   RO          343    i.HAL_MspInit       stm32f1xx_hal_msp.o
    0x08003f54   0x08003f54   0x0000001a   Code   RO         1209    i.HAL_NVIC_EnableIRQ  stm32f1xx_hal_cortex.o
    0x08003f6e   0x08003f6e   0x00000002   PAD
    0x08003f70   0x08003f70   0x00000040   Code   RO         1215    i.HAL_NVIC_SetPriority  stm32f1xx_hal_cortex.o
    0x08003fb0   0x08003fb0   0x00000024   Code   RO         1216    i.HAL_NVIC_SetPriorityGrouping  stm32f1xx_hal_cortex.o
    0x08003fd4   0x08003fd4   0x000000a4   Code   RO         1010    i.HAL_RCCEx_GetPeriphCLKFreq  stm32f1xx_hal_rcc_ex.o
    0x08004078   0x08004078   0x000000ec   Code   RO         1011    i.HAL_RCCEx_PeriphCLKConfig  stm32f1xx_hal_rcc_ex.o
    0x08004164   0x08004164   0x0000012c   Code   RO          907    i.HAL_RCC_ClockConfig  stm32f1xx_hal_rcc.o
    0x08004290   0x08004290   0x00000020   Code   RO          914    i.HAL_RCC_GetPCLK1Freq  stm32f1xx_hal_rcc.o
    0x080042b0   0x080042b0   0x00000020   Code   RO          915    i.HAL_RCC_GetPCLK2Freq  stm32f1xx_hal_rcc.o
    0x080042d0   0x080042d0   0x0000004c   Code   RO          916    i.HAL_RCC_GetSysClockFreq  stm32f1xx_hal_rcc.o
    0x0800431c   0x0800431c   0x00000320   Code   RO          919    i.HAL_RCC_OscConfig  stm32f1xx_hal_rcc.o
    0x0800463c   0x0800463c   0x00000028   Code   RO         1220    i.HAL_SYSTICK_Config  stm32f1xx_hal_cortex.o
    0x08004664   0x08004664   0x00000002   Code   RO         2415    i.HAL_TIMEx_BreakCallback  stm32f1xx_hal_tim_ex.o
    0x08004666   0x08004666   0x00000002   Code   RO         2416    i.HAL_TIMEx_CommutCallback  stm32f1xx_hal_tim_ex.o
    0x08004668   0x08004668   0x00000068   Code   RO         2434    i.HAL_TIMEx_MasterConfigSynchronization  stm32f1xx_hal_tim_ex.o
    0x080046d0   0x080046d0   0x0000005a   Code   RO         1711    i.HAL_TIM_Base_Init  stm32f1xx_hal_tim.o
    0x0800472a   0x0800472a   0x00000002   PAD
    0x0800472c   0x0800472c   0x0000003c   Code   RO          345    i.HAL_TIM_Base_MspInit  stm32f1xx_hal_msp.o
    0x08004768   0x08004768   0x00000058   Code   RO         1716    i.HAL_TIM_Base_Start_IT  stm32f1xx_hal_tim.o
    0x080047c0   0x080047c0   0x000000dc   Code   RO         1720    i.HAL_TIM_ConfigClockSource  stm32f1xx_hal_tim.o
    0x0800489c   0x0800489c   0x00000002   Code   RO         1745    i.HAL_TIM_IC_CaptureCallback  stm32f1xx_hal_tim.o
    0x0800489e   0x0800489e   0x00000130   Code   RO         1759    i.HAL_TIM_IRQHandler  stm32f1xx_hal_tim.o
    0x080049ce   0x080049ce   0x00000002   PAD
    0x080049d0   0x080049d0   0x000000ac   Code   RO          346    i.HAL_TIM_MspPostInit  stm32f1xx_hal_msp.o
    0x08004a7c   0x08004a7c   0x00000002   Code   RO         1762    i.HAL_TIM_OC_DelayElapsedCallback  stm32f1xx_hal_tim.o
    0x08004a7e   0x08004a7e   0x000000cc   Code   RO         1783    i.HAL_TIM_PWM_ConfigChannel  stm32f1xx_hal_tim.o
    0x08004b4a   0x08004b4a   0x0000005a   Code   RO         1786    i.HAL_TIM_PWM_Init  stm32f1xx_hal_tim.o
    0x08004ba4   0x08004ba4   0x00000028   Code   RO          348    i.HAL_TIM_PWM_MspInit  stm32f1xx_hal_msp.o
    0x08004bcc   0x08004bcc   0x00000002   Code   RO         1789    i.HAL_TIM_PWM_PulseFinishedCallback  stm32f1xx_hal_tim.o
    0x08004bce   0x08004bce   0x00000002   PAD
    0x08004bd0   0x08004bd0   0x0000009c   Code   RO         1791    i.HAL_TIM_PWM_Start  stm32f1xx_hal_tim.o
    0x08004c6c   0x08004c6c   0x000000c4   Code   RO         3548    i.HAL_TIM_PeriodElapsedCallback  app_timer.o
    0x08004d30   0x08004d30   0x00000002   Code   RO         1802    i.HAL_TIM_TriggerCallback  stm32f1xx_hal_tim.o
    0x08004d32   0x08004d32   0x00000002   Code   RO         2694    i.HAL_UARTEx_RxEventCallback  stm32f1xx_hal_uart.o
    0x08004d34   0x08004d34   0x00000002   Code   RO         2708    i.HAL_UART_ErrorCallback  stm32f1xx_hal_uart.o
    0x08004d36   0x08004d36   0x00000002   PAD
    0x08004d38   0x08004d38   0x0000026c   Code   RO         2711    i.HAL_UART_IRQHandler  stm32f1xx_hal_uart.o
    0x08004fa4   0x08004fa4   0x00000064   Code   RO         2712    i.HAL_UART_Init     stm32f1xx_hal_uart.o
    0x08005008   0x08005008   0x0000019c   Code   RO          350    i.HAL_UART_MspInit  stm32f1xx_hal_msp.o
    0x080051a4   0x080051a4   0x00000002   Code   RO         2718    i.HAL_UART_RxCpltCallback  stm32f1xx_hal_uart.o
    0x080051a6   0x080051a6   0x00000002   PAD
    0x080051a8   0x080051a8   0x00000078   Code   RO         2721    i.HAL_UART_Transmit_DMA  stm32f1xx_hal_uart.o
    0x08005220   0x08005220   0x00000020   Code   RO         3287    i.HAL_UART_TxCpltCallback  serial_dbg.o
    0x08005240   0x08005240   0x00000002   Code   RO         2724    i.HAL_UART_TxHalfCpltCallback  stm32f1xx_hal_uart.o
    0x08005242   0x08005242   0x00000002   PAD
    0x08005244   0x08005244   0x00000034   Code   RO         3164    i.HallSpeed_Timer   hall.o
    0x08005278   0x08005278   0x00000108   Code   RO         3824    i.Hall_ComputeAngleDeg  foc.o
    0x08005380   0x08005380   0x00000034   Code   RO         3165    i.Hall_GetPosition  hall.o
    0x080053b4   0x080053b4   0x00000030   Code   RO         3166    i.Hall_GetSpeed     hall.o
    0x080053e4   0x080053e4   0x00000054   Code   RO         3167    i.Hall_Init         hall.o
    0x08005438   0x08005438   0x00000058   Code   RO         3168    i.Hall_Position     hall.o
    0x08005490   0x08005490   0x00000050   Code   RO         3169    i.Hall_directionLoopCheck  hall.o
    0x080054e0   0x080054e0   0x00000002   Code   RO          219    i.HardFault_Handler  stm32f1xx_it.o
    0x080054e2   0x080054e2   0x00000002   PAD
    0x080054e4   0x080054e4   0x000000a4   Code   RO         3693    i.LED_Init          led.o
    0x08005588   0x08005588   0x000000a4   Code   RO         3695    i.LED_Timer         led.o
    0x0800562c   0x0800562c   0x00000068   Code   RO         3457    i.Log_add           rc_cmd.o
    0x08005694   0x08005694   0x00000094   Code   RO         3458    i.Log_print         rc_cmd.o
    0x08005728   0x08005728   0x00000044   Code   RO         3459    i.Log_reset         rc_cmd.o
    0x0800576c   0x0800576c   0x000000e0   Code   RO           14    i.MX_ADC1_Init      main.o
    0x0800584c   0x0800584c   0x0000006c   Code   RO           15    i.MX_DMA_Init       main.o
    0x080058b8   0x080058b8   0x00000094   Code   RO           16    i.MX_TIM2_Init      main.o
    0x0800594c   0x0800594c   0x00000090   Code   RO           17    i.MX_TIM3_Init      main.o
    0x080059dc   0x080059dc   0x00000068   Code   RO           18    i.MX_TIM4_Init      main.o
    0x08005a44   0x08005a44   0x00000002   Code   RO          220    i.MemManage_Handler  stm32f1xx_it.o
    0x08005a46   0x08005a46   0x00000002   PAD
    0x08005a48   0x08005a48   0x00000058   Code   RO         3084    i.Motor_Control     motor.o
    0x08005aa0   0x08005aa0   0x0000000e   Code   RO         3085    i.Motor_Control_Init  motor.o
    0x08005aae   0x08005aae   0x00000002   PAD
    0x08005ab0   0x08005ab0   0x00000048   Code   RO         3086    i.Motor_Direction   motor.o
    0x08005af8   0x08005af8   0x000000b4   Code   RO         3087    i.Motor_Init        motor.o
    0x08005bac   0x08005bac   0x000000c0   Code   RO         3088    i.Motor_Set         motor.o
    0x08005c6c   0x08005c6c   0x00000002   Code   RO          221    i.NMI_Handler       stm32f1xx_it.o
    0x08005c6e   0x08005c6e   0x00000002   PAD
    0x08005c70   0x08005c70   0x000000f0   Code   RO         3825    i.PID_Compute       foc.o
    0x08005d60   0x08005d60   0x00000012   Code   RO         3826    i.PID_Init          foc.o
    0x08005d72   0x08005d72   0x00000008   Code   RO         3827    i.PID_Reset         foc.o
    0x08005d7a   0x08005d7a   0x00000002   Code   RO          222    i.PendSV_Handler    stm32f1xx_it.o
    0x08005d7c   0x08005d7c   0x00000060   Code   RO         3460    i.RC_Pin_Init       rc_cmd.o
    0x08005ddc   0x08005ddc   0x0000005c   Code   RO         3462    i.RC_send           rc_cmd.o
    0x08005e38   0x08005e38   0x00000018   Code   RO         3463    i.RC_setSysInit     rc_cmd.o
    0x08005e50   0x08005e50   0x00000028   Code   RO         3464    i.RC_status_pack    rc_cmd.o
    0x08005e78   0x08005e78   0x0000019c   Code   RO         3750    i.RC_unpack         app_task.o
    0x08006014   0x08006014   0x00000002   Code   RO          223    i.SVC_Handler       stm32f1xx_it.o
    0x08006016   0x08006016   0x00000002   PAD
    0x08006018   0x08006018   0x00000060   Code   RO         3288    i.Serial_DBG_DMA_RX_Start  serial_dbg.o
    0x08006078   0x08006078   0x00000074   Code   RO         3289    i.Serial_DBG_TxCplt_Handler  serial_dbg.o
    0x080060ec   0x080060ec   0x000000c4   Code   RO         3290    i.Serial_IDLE_Handler  serial_dbg.o
    0x080061b0   0x080061b0   0x00000004   Code   RO         3291    i.Serial_Init       serial_dbg.o
    0x080061b4   0x080061b4   0x0000001e   Code   RO         3292    i.Serial_Printf     serial_dbg.o
    0x080061d2   0x080061d2   0x00000002   PAD
    0x080061d4   0x080061d4   0x00000060   Code   RO         3389    i.Serial_RF_DMA_RX_Start  serial_rf.o
    0x08006234   0x08006234   0x0000006c   Code   RO         3390    i.Serial_RF_IDLE_Handler  serial_rf.o
    0x080062a0   0x080062a0   0x00000004   Code   RO         3391    i.Serial_RF_Init    serial_rf.o
    0x080062a4   0x080062a4   0x00000094   Code   RO         3392    i.Serial_RF_SendArray  serial_rf.o
    0x08006338   0x08006338   0x00000064   Code   RO         3395    i.Serial_RF_TxCplt_Handler  serial_rf.o
    0x0800639c   0x0800639c   0x00000328   Code   RO         3751    i.Serial_Rx_loopCheck  app_task.o
    0x080066c4   0x080066c4   0x0000008c   Code   RO         3295    i.Serial_SendString  serial_dbg.o
    0x08006750   0x08006750   0x00000024   Code   RO         3297    i.Serial_TxQueue_IsFull  serial_dbg.o
    0x08006774   0x08006774   0x00000054   Code   RO         3595    i.Store_Init        storage.o
    0x080067c8   0x080067c8   0x00000078   Code   RO         3596    i.Store_Mileage     storage.o
    0x08006840   0x08006840   0x00000040   Code   RO         3598    i.Store_Save        storage.o
    0x08006880   0x08006880   0x00000078   Code   RO         3599    i.Store_runTime     storage.o
    0x080068f8   0x080068f8   0x00000004   Code   RO          224    i.SysTick_Handler   stm32f1xx_it.o
    0x080068fc   0x080068fc   0x00000078   Code   RO           19    i.SystemClock_Config  main.o
    0x08006974   0x08006974   0x00000002   Code   RO         3046    i.SystemInit        system_stm32f1xx.o
    0x08006976   0x08006976   0x00000002   PAD
    0x08006978   0x08006978   0x0000000c   Code   RO          225    i.TIM4_IRQHandler   stm32f1xx_it.o
    0x08006984   0x08006984   0x00000078   Code   RO         1804    i.TIM_Base_SetConfig  stm32f1xx_hal_tim.o
    0x080069fc   0x080069fc   0x0000001a   Code   RO         1805    i.TIM_CCxChannelCmd  stm32f1xx_hal_tim.o
    0x08006a16   0x08006a16   0x00000014   Code   RO         1815    i.TIM_ETR_SetConfig  stm32f1xx_hal_tim.o
    0x08006a2a   0x08006a2a   0x00000010   Code   RO         1816    i.TIM_ITRx_SetConfig  stm32f1xx_hal_tim.o
    0x08006a3a   0x08006a3a   0x00000002   PAD
    0x08006a3c   0x08006a3c   0x00000050   Code   RO         1817    i.TIM_OC1_SetConfig  stm32f1xx_hal_tim.o
    0x08006a8c   0x08006a8c   0x00000058   Code   RO         1818    i.TIM_OC2_SetConfig  stm32f1xx_hal_tim.o
    0x08006ae4   0x08006ae4   0x00000058   Code   RO         1819    i.TIM_OC3_SetConfig  stm32f1xx_hal_tim.o
    0x08006b3c   0x08006b3c   0x00000044   Code   RO         1820    i.TIM_OC4_SetConfig  stm32f1xx_hal_tim.o
    0x08006b80   0x08006b80   0x00000022   Code   RO         1822    i.TIM_TI1_ConfigInputStage  stm32f1xx_hal_tim.o
    0x08006ba2   0x08006ba2   0x00000024   Code   RO         1824    i.TIM_TI2_ConfigInputStage  stm32f1xx_hal_tim.o
    0x08006bc6   0x08006bc6   0x00000010   Code   RO         2725    i.UART_DMAAbortOnError  stm32f1xx_hal_uart.o
    0x08006bd6   0x08006bd6   0x0000004a   Code   RO         2726    i.UART_DMAError     stm32f1xx_hal_uart.o
    0x08006c20   0x08006c20   0x00000042   Code   RO         2731    i.UART_DMATransmitCplt  stm32f1xx_hal_uart.o
    0x08006c62   0x08006c62   0x0000000a   Code   RO         2733    i.UART_DMATxHalfCplt  stm32f1xx_hal_uart.o
    0x08006c6c   0x08006c6c   0x0000004e   Code   RO         2735    i.UART_EndRxTransfer  stm32f1xx_hal_uart.o
    0x08006cba   0x08006cba   0x0000001c   Code   RO         2736    i.UART_EndTxTransfer  stm32f1xx_hal_uart.o
    0x08006cd6   0x08006cd6   0x000000c2   Code   RO         2737    i.UART_Receive_IT   stm32f1xx_hal_uart.o
    0x08006d98   0x08006d98   0x000000b8   Code   RO         2738    i.UART_SetConfig    stm32f1xx_hal_uart.o
    0x08006e50   0x08006e50   0x0000002c   Code   RO          226    i.USART1_IRQHandler  stm32f1xx_it.o
    0x08006e7c   0x08006e7c   0x0000002c   Code   RO          227    i.USART3_IRQHandler  stm32f1xx_it.o
    0x08006ea8   0x08006ea8   0x00000002   Code   RO          228    i.UsageFault_Handler  stm32f1xx_it.o
    0x08006eaa   0x08006eaa   0x00000028   Code   RO         4281    i.__ARM_fpclassify  m_ws.l(fpclassify.o)
    0x08006ed2   0x08006ed2   0x00000026   Code   RO         4161    i.__ARM_fpclassifyf  m_ws.l(fpclassifyf.o)
    0x08006ef8   0x08006ef8   0x00000020   Code   RO         1222    i.__NVIC_SetPriority  stm32f1xx_hal_cortex.o
    0x08006f18   0x08006f18   0x00000006   Code   RO         4164    i.__mathlib_flt_infnan  m_ws.l(funder.o)
    0x08006f1e   0x08006f1e   0x00000004   Code   RO         4165    i.__mathlib_flt_infnan2  m_ws.l(funder.o)
    0x08006f22   0x08006f22   0x00000008   Code   RO         4166    i.__mathlib_flt_invalid  m_ws.l(funder.o)
    0x08006f2a   0x08006f2a   0x0000000a   Code   RO         4169    i.__mathlib_flt_underflow  m_ws.l(funder.o)
    0x08006f34   0x08006f34   0x00000168   Code   RO         4177    i.__mathlib_rredf2  m_ws.l(rredf.o)
    0x0800709c   0x0800709c   0x0000000e   Code   RO         3986    i._is_digit         c_w.l(__printf_wp.o)
    0x080070aa   0x080070aa   0x00000002   PAD
    0x080070ac   0x080070ac   0x0000025c   Code   RO         4053    i.atan2f            m_ws.l(atan2f.o)
    0x08007308   0x08007308   0x00000088   Code   RO         3089    i.calculate_min_slip_duty  motor.o
    0x08007390   0x08007390   0x0000017c   Code   RO         4061    i.cosf              m_ws.l(cosf.o)
    0x0800750c   0x0800750c   0x000000a8   Code   RO           20    i.main              main.o
    0x080075b4   0x080075b4   0x000000d0   Code   RO         3090    i.setSpeed_filter   motor.o
    0x08007684   0x08007684   0x00000188   Code   RO         4069    i.sinf              m_ws.l(sinf.o)
    0x0800780c   0x0800780c   0x0000002c   Code   RO         4267    locale$$code        c_w.l(lc_numeric_c.o)
    0x08007838   0x08007838   0x0000002c   Code   RO         4286    locale$$code        c_w.l(lc_ctype_c.o)
    0x08007864   0x08007864   0x0000000c   Code   RO         4140    x$fpl$dretinf       fz_ws.l(dretinf.o)
    0x08007870   0x08007870   0x00000056   Code   RO         4018    x$fpl$f2d           fz_ws.l(f2d.o)
    0x080078c6   0x080078c6   0x00000002   PAD
    0x080078c8   0x080078c8   0x000000c4   Code   RO         4020    x$fpl$fadd          fz_ws.l(faddsub_clz.o)
    0x0800798c   0x0800798c   0x0000000c   Code   RO         4142    x$fpl$fcheck1       fz_ws.l(fcheck1.o)
    0x08007998   0x08007998   0x00000018   Code   RO         4144    x$fpl$fcmpinf       fz_ws.l(fcmpi.o)
    0x080079b0   0x080079b0   0x00000184   Code   RO         4027    x$fpl$fdiv          fz_ws.l(fdiv.o)
    0x08007b34   0x08007b34   0x00000036   Code   RO         4030    x$fpl$ffix          fz_ws.l(ffix.o)
    0x08007b6a   0x08007b6a   0x00000002   PAD
    0x08007b6c   0x08007b6c   0x0000003e   Code   RO         4034    x$fpl$ffixu         fz_ws.l(ffixu.o)
    0x08007baa   0x08007baa   0x00000002   PAD
    0x08007bac   0x08007bac   0x00000030   Code   RO         4039    x$fpl$fflt          fz_ws.l(fflt_clz.o)
    0x08007bdc   0x08007bdc   0x00000026   Code   RO         4038    x$fpl$ffltu         fz_ws.l(fflt_clz.o)
    0x08007c02   0x08007c02   0x00000002   PAD
    0x08007c04   0x08007c04   0x00000068   Code   RO         4044    x$fpl$fleqf         fz_ws.l(fleqf.o)
    0x08007c6c   0x08007c6c   0x00000102   Code   RO         4046    x$fpl$fmul          fz_ws.l(fmul.o)
    0x08007d6e   0x08007d6e   0x0000008c   Code   RO         4146    x$fpl$fnaninf       fz_ws.l(fnaninf.o)
    0x08007dfa   0x08007dfa   0x0000000a   Code   RO         4148    x$fpl$fretinf       fz_ws.l(fretinf.o)
    0x08007e04   0x08007e04   0x00000062   Code   RO         4048    x$fpl$frleqf        fz_ws.l(frleqf.o)
    0x08007e66   0x08007e66   0x00000002   PAD
    0x08007e68   0x08007e68   0x00000060   Code   RO         4150    x$fpl$frnd          fz_ws.l(frnd.o)
    0x08007ec8   0x08007ec8   0x00000014   Code   RO         4021    x$fpl$frsb          fz_ws.l(faddsub_clz.o)
    0x08007edc   0x08007edc   0x000000ea   Code   RO         4022    x$fpl$fsub          fz_ws.l(faddsub_clz.o)
    0x08007fc6   0x08007fc6   0x00000004   Code   RO         4152    x$fpl$printf1       fz_ws.l(printf1.o)
    0x08007fca   0x08007fca   0x00000004   Code   RO         4154    x$fpl$printf2       fz_ws.l(printf2.o)
    0x08007fce   0x08007fce   0x00000064   Code   RO         4223    x$fpl$retnan        fz_ws.l(retnan.o)
    0x08008032   0x08008032   0x0000004c   Code   RO         4050    x$fpl$scalbnf       fz_ws.l(scalbnf.o)
    0x0800807e   0x0800807e   0x00000030   Code   RO         4279    x$fpl$trapveneer    fz_ws.l(trapv.o)
    0x080080ae   0x080080ae   0x00000000   Code   RO         4160    x$fpl$usenofp       fz_ws.l(usenofp.o)
    0x080080ae   0x080080ae   0x00000012   Data   RO          920    .constdata          stm32f1xx_hal_rcc.o
    0x080080c0   0x080080c0   0x00000012   Data   RO         1012    .constdata          stm32f1xx_hal_rcc_ex.o
    0x080080d2   0x080080d2   0x00000010   Data   RO         3047    .constdata          system_stm32f1xx.o
    0x080080e2   0x080080e2   0x00000008   Data   RO         3048    .constdata          system_stm32f1xx.o
    0x080080ea   0x080080ea   0x00000002   PAD
    0x080080ec   0x080080ec   0x0000001c   Data   RO         3829    .constdata          foc.o
    0x08008108   0x08008108   0x00000028   Data   RO         3974    .constdata          c_w.l(_printf_hex_int_ll_ptr.o)
    0x08008130   0x08008130   0x00000011   Data   RO         3994    .constdata          c_w.l(__printf_flags_ss_wp.o)
    0x08008141   0x08008141   0x00000003   PAD
    0x08008144   0x08008144   0x00000008   Data   RO         4102    .constdata          c_w.l(_printf_wctomb.o)
    0x0800814c   0x0800814c   0x00000020   Data   RO         4178    .constdata          m_ws.l(rredf.o)
    0x0800816c   0x0800816c   0x00000026   Data   RO         4211    .constdata          c_w.l(_printf_fp_hex.o)
    0x08008192   0x08008192   0x00000002   PAD
    0x08008194   0x08008194   0x00000094   Data   RO         4242    .constdata          c_w.l(bigflt0.o)
    0x08008228   0x08008228   0x000000d0   Data   RO         3753    .conststring        app_task.o
    0x080082f8   0x080082f8   0x00000100   Data   RO         3830    .conststring        foc.o
    0x080083f8   0x080083f8   0x00000020   Data   RO         4416    Region$$Table       anon$$obj.o
    0x08008418   0x08008418   0x0000001c   Data   RO         4266    locale$$data        c_w.l(lc_numeric_c.o)
    0x08008434   0x08008434   0x00000110   Data   RO         4285    locale$$data        c_w.l(lc_ctype_c.o)


    Execution Region RW_IRAM1 (Exec base: 0x20000000, Load base: 0x08008544, Size: 0x000049d8, Max: 0x00005000, ABSOLUTE)

    Exec Addr    Load Addr    Size         Type   Attr      Idx    E Section Name        Object

    0x20000000   0x08008544   0x0000000c   Data   RW          757    .data               stm32f1xx_hal.o
    0x2000000c   0x08008550   0x00000004   Data   RW         3049    .data               system_stm32f1xx.o
    0x20000010   0x08008554   0x0000000c   Data   RW         3091    .data               motor.o
    0x2000001c   0x08008560   0x0000002c   Data   RW         3171    .data               hall.o
    0x20000048   0x0800858c   0x0000000c   Data   RW         3243    .data               adc_sensor.o
    0x20000054   0x08008598   0x00000005   Data   RW         3300    .data               serial_dbg.o
    0x20000059   0x0800859d   0x00000001   PAD
    0x2000005a   0x0800859e   0x00000006   Data   RW         3397    .data               serial_rf.o
    0x20000060   0x080085a4   0x00000004   Data   RW         3468    .data               rc_cmd.o
    0x20000064   0x080085a8   0x00000024   Data   RW         3549    .data               app_timer.o
    0x20000088   0x080085cc   0x00000004   Data   RW         3697    .data               led.o
    0x2000008c   0x080085d0   0x00000020   Data   RW         3754    .data               app_task.o
    0x200000ac   0x080085f0   0x00000001   Data   RW         3755    .data               app_task.o
    0x200000ad   0x080085f1   0x00000003   PAD
    0x200000b0   0x080085f4   0x00000018   Data   RW         3831    .data               foc.o
    0x200000c8        -       0x00000198   Zero   RW           21    .bss                main.o
    0x20000260        -       0x00000044   Zero   RW           22    .bss                main.o
    0x200002a4        -       0x00000044   Zero   RW           23    .bss                main.o
    0x200002e8        -       0x00000044   Zero   RW           24    .bss                main.o
    0x2000032c        -       0x00000044   Zero   RW           25    .bss                main.o
    0x20000370        -       0x00000044   Zero   RW           26    .bss                main.o
    0x200003b4   0x0800860c   0x00000004   PAD
    0x200003b8        -       0x00000020   Zero   RW         1463    .bss                stm32f1xx_hal_flash.o
    0x200003d8        -       0x00000010   Zero   RW         3170    .bss                hall.o
    0x200003e8        -       0x00000a28   Zero   RW         3299    .bss                serial_dbg.o
    0x20000e10        -       0x00000a3c   Zero   RW         3396    .bss                serial_rf.o
    0x2000184c        -       0x00002a6c   Zero   RW         3467    .bss                rc_cmd.o
    0x200042b8        -       0x00000032   Zero   RW         3601    .bss                storage.o
    0x200042ea   0x0800860c   0x00000006   PAD
    0x200042f0        -       0x00000018   Zero   RW         3752    .bss                app_task.o
    0x20004308        -       0x0000006c   Zero   RW         3828    .bss                foc.o
    0x20004374        -       0x00000060   Zero   RW         4226    .bss                c_w.l(libspace.o)
    0x200043d4   0x0800860c   0x00000004   PAD
    0x200043d8        -       0x00000200   Zero   RW            2    HEAP                startup_stm32f103xb.o
    0x200045d8        -       0x00000400   Zero   RW            1    STACK               startup_stm32f103xb.o


==============================================================================

Image component sizes


      Code (inc. data)   RO Data    RW Data    ZI Data      Debug   Object Name

       148         36          0         12          0       2231   adc_sensor.o
      2876        844        208         33         24       8392   app_task.o
       228         20          0         36          0       2160   app_timer.o
      2742        614        284         24        108      13936   foc.o
       632         90          0         44         16       6397   hall.o
       328         32          0          4          0       2597   led.o
      1020         52          0          0        748     464244   main.o
       990        118          0         12          0       5985   motor.o
       622        118          0          4      10860       6751   rc_cmd.o
       650         72          0          5       2600       6395   serial_dbg.o
       456         58          0          6       2620       4016   serial_rf.o
        64         26        236          0       1536        836   startup_stm32f103xb.o
       164         28          0         12          0       6113   stm32f1xx_hal.o
      1134         56          0          0          0       8842   stm32f1xx_hal_adc.o
       216          6          0          0          0       1486   stm32f1xx_hal_adc_ex.o
       198         14          0          0          0      29111   stm32f1xx_hal_cortex.o
       808         36          0          0          0       5170   stm32f1xx_hal_dma.o
       392         46          0          0         32       4938   stm32f1xx_hal_flash.o
       240         26          0          0          0       3349   stm32f1xx_hal_flash_ex.o
       540         40          0          0          0       4871   stm32f1xx_hal_gpio.o
       888        106          0          0          0       4998   stm32f1xx_hal_msp.o
      1240         84         18          0          0       5268   stm32f1xx_hal_rcc.o
       400         28         18          0          0       2549   stm32f1xx_hal_rcc_ex.o
      1736         56          0          0          0      16192   stm32f1xx_hal_tim.o
       108         12          0          0          0       2505   stm32f1xx_hal_tim_ex.o
      1498         24          0          0          0      11524   stm32f1xx_hal_uart.o
       210         48          0          0          0       9202   stm32f1xx_it.o
       518         42          0          0         50       8654   storage.o
         2          0         24          4          0       1191   system_stm32f1xx.o

    ----------------------------------------------------------------------
     21090       2732        822        200      18604     649903   Object Totals
         0          0         32          0          0          0   (incl. Generated)
        42          0          2          4         10          0   (incl. Padding)

    ----------------------------------------------------------------------

      Code (inc. data)   RO Data    RW Data    ZI Data      Debug   Library Member Name

         8          0          0          0          0         68   __main.o
       392          4         17          0          0         92   __printf_flags_ss_wp.o
        14          0          0          0          0         68   __printf_wp.o
         0          0          0          0          0          0   __rtentry.o
        12          0          0          0          0          0   __rtentry2.o
         6          0          0          0          0          0   __rtentry4.o
        52          8          0          0          0          0   __scatter.o
        26          0          0          0          0          0   __scatter_copy.o
        28          0          0          0          0          0   __scatter_zi.o
         6          0          0          0          0          0   _printf_a.o
         6          0          0          0          0          0   _printf_c.o
        44          0          0          0          0        108   _printf_char.o
        48          6          0          0          0         96   _printf_char_common.o
        40          0          0          0          0         68   _printf_charcount.o
         6          0          0          0          0          0   _printf_d.o
       120         16          0          0          0         92   _printf_dec.o
         6          0          0          0          0          0   _printf_e.o
         6          0          0          0          0          0   _printf_f.o
      1054          0          0          0          0        216   _printf_fp_dec.o
       764          8         38          0          0        100   _printf_fp_hex.o
       128         16          0          0          0         84   _printf_fp_infnan.o
         6          0          0          0          0          0   _printf_g.o
       148          4         40          0          0        160   _printf_hex_int_ll_ptr.o
         6          0          0          0          0          0   _printf_i.o
       178          0          0          0          0         88   _printf_intcommon.o
        10          0          0          0          0          0   _printf_l.o
         6          0          0          0          0          0   _printf_lc.o
        10          0          0          0          0          0   _printf_ll.o
         6          0          0          0          0          0   _printf_lld.o
         6          0          0          0          0          0   _printf_lli.o
         6          0          0          0          0          0   _printf_llo.o
         6          0          0          0          0          0   _printf_llu.o
         6          0          0          0          0          0   _printf_llx.o
       124         16          0          0          0         92   _printf_longlong_dec.o
         6          0          0          0          0          0   _printf_ls.o
         6          0          0          0          0          0   _printf_n.o
         6          0          0          0          0          0   _printf_o.o
       112         10          0          0          0        124   _printf_oct_int_ll.o
         6          0          0          0          0          0   _printf_p.o
        78          0          0          0          0        108   _printf_pad.o
         0          0          0          0          0          0   _printf_percent.o
         4          0          0          0          0          0   _printf_percent_end.o
         6          0          0          0          0          0   _printf_s.o
        82          0          0          0          0         80   _printf_str.o
        36          0          0          0          0         84   _printf_truncate.o
         6          0          0          0          0          0   _printf_u.o
        44          0          0          0          0        108   _printf_wchar.o
       188          6          8          0          0         92   _printf_wctomb.o
         6          0          0          0          0          0   _printf_x.o
        22          0          0          0          0        100   _rserrno.o
        16          0          0          0          0         68   _snputc.o
        10          0          0          0          0         68   _sputc.o
        64          0          0          0          0         92   _wcrtomb.o
       228          4        148          0          0         96   bigflt0.o
      1936        128          0          0          0        672   btod.o
        18          0          0          0          0         80   exit.o
         6          0          0          0          0        152   heapauxi.o
         0          0          0          0          0          0   indicate_semi.o
        44         10        272          0          0         76   lc_ctype_c.o
        44         10         28          0          0         76   lc_numeric_c.o
         2          0          0          0          0          0   libinit.o
        30          0          0          0          0          0   libinit2.o
         2          0          0          0          0          0   libshutdown.o
         2          0          0          0          0          0   libshutdown2.o
         8          4          0          0         96         68   libspace.o
        72          0          0          0          0         76   llsdiv.o
       138          0          0          0          0         80   lludiv10.o
       238          0          0          0          0        100   lludivv7m.o
        38          0          0          0          0         68   llushr.o
        16          4          0          0          0         76   rt_ctype_table.o
         8          4          0          0          0         68   rt_errno_addr_intlibspace.o
         8          4          0          0          0         68   rt_locale_intlibspace.o
        68          0          0          0          0         68   rt_memclr.o
        78          0          0          0          0         80   rt_memclr_w.o
       138          0          0          0          0         68   rt_memcpy_v6.o
       100          0          0          0          0         80   rt_memcpy_w.o
         2          0          0          0          0          0   rtexit.o
        10          0          0          0          0          0   rtexit2.o
       128          0          0          0          0         68   strcmpv7m.o
        62          0          0          0          0         76   strlen.o
        86          0          0          0          0         76   strncpy.o
        12          4          0          0          0         68   sys_exit.o
        74          0          0          0          0         80   sys_stackheap_outer.o
         2          0          0          0          0         68   use_no_semi.o
        52          4          0          0          0         80   vsnprintf.o
        12          0          0          0          0         68   dretinf.o
        86          4          0          0          0         84   f2d.o
       450          8          0          0          0        236   faddsub_clz.o
        12          4          0          0          0         68   fcheck1.o
        24          0          0          0          0         68   fcmpi.o
       388         76          0          0          0         96   fdiv.o
        54          4          0          0          0         84   ffix.o
        62          4          0          0          0         84   ffixu.o
        86          0          0          0          0        136   fflt_clz.o
       104          4          0          0          0         84   fleqf.o
       258          4          0          0          0         84   fmul.o
       140          4          0          0          0         84   fnaninf.o
        10          0          0          0          0         68   fretinf.o
        98          0          0          0          0         68   frleqf.o
        96          4          0          0          0         76   frnd.o
         4          0          0          0          0         68   printf1.o
         4          0          0          0          0         68   printf2.o
       100          0          0          0          0         68   retnan.o
        76          0          0          0          0         68   scalbnf.o
        48          0          0          0          0         68   trapv.o
         0          0          0          0          0          0   usenofp.o
       604         76          0          0          0        116   atan2f.o
       380         52          0          0          0        124   cosf.o
        40          0          0          0          0         68   fpclassify.o
        38          0          0          0          0         68   fpclassifyf.o
        28          0          0          0          0        272   funder.o
       360         16         32          0          0         88   rredf.o
       392         54          0          0          0        124   sinf.o

    ----------------------------------------------------------------------
     11616        584        588          0        100       7412   Library Totals
        30          0          5          0          4          0   (incl. Padding)

    ----------------------------------------------------------------------

      Code (inc. data)   RO Data    RW Data    ZI Data      Debug   Library Name

      7632        270        551          0         96       4824   c_w.l
      2112        116          0          0          0       1728   fz_ws.l
      1842        198         32          0          0        860   m_ws.l

    ----------------------------------------------------------------------
     11616        584        588          0        100       7412   Library Totals

    ----------------------------------------------------------------------

==============================================================================


      Code (inc. data)   RO Data    RW Data    ZI Data      Debug   

     32706       3316       1410        200      18704     643167   Grand Totals
     32706       3316       1410        200      18704     643167   ELF Image Totals
     32706       3316       1410        200          0          0   ROM Totals

==============================================================================

    Total RO  Size (Code + RO Data)                34116 (  33.32kB)
    Total RW  Size (RW Data + ZI Data)             18904 (  18.46kB)
    Total ROM Size (Code + RO Data + RW Data)      34316 (  33.51kB)

==============================================================================

